// Jest Snapshot v1, https://jestjs.io/docs/snapshot-testing

exports[`NewswiresCloudFrontCertificate matches the snapshot 1`] = `
{
  "Metadata": {
    "gu:cdk:constructs": [],
    "gu:cdk:version": "TEST",
  },
  "Resources": {
    "CloudFrontCertificateArn4A1CDCF9": {
      "Properties": {
        "Description": "The ARN of the CloudFront certificate for newswires.TEST.dev-gutools.co.uk, for consumption by the Newswires app stack.",
        "Name": "/TEST/editorial-feeds/newswires/cloudfront/certificateArn",
        "Tags": {
          "App": "newswires",
          "Stack": "editorial-feeds",
          "Stage": "TEST",
          "gu:cdk:version": "TEST",
          "gu:repo": "guardian/newswires",
        },
        "Type": "String",
        "Value": {
          "Ref": "cloudfrontcertificateTEST727745A8",
        },
      },
      "Type": "AWS::SSM::Parameter",
    },
    "cloudfrontcertificateTEST727745A8": {
      "Properties": {
        "DomainName": "newswires.TEST.dev-gutools.co.uk",
        "Tags": [
          {
            "Key": "App",
            "Value": "newswires",
          },
          {
            "Key": "gu:cdk:version",
            "Value": "TEST",
          },
          {
            "Key": "gu:repo",
            "Value": "guardian/newswires",
          },
          {
            "Key": "Name",
            "Value": "NewswiresCloudFrontCertificateTest/cloudfront-certificate-TEST",
          },
          {
            "Key": "Stack",
            "Value": "editorial-feeds",
          },
          {
            "Key": "Stage",
            "Value": "TEST",
          },
        ],
        "ValidationMethod": "DNS",
      },
      "Type": "AWS::CertificateManager::Certificate",
    },
  },
}
`;
