// Jest Snapshot v1, https://jestjs.io/docs/snapshot-testing

exports[`NewswiresCloudFrontCertificate matches the snapshot 1`] = `
{
  "Metadata": {
    "gu:cdk:constructs": [],
    "gu:cdk:version": "TEST",
  },
  "Resources": {
    "cloudfrontcertificateTEST727745A8": {
      "Properties": {
        "DomainName": "newswires.TEST.dev-gutools.co.uk",
        "Tags": [
          {
            "Key": "App",
            "Value": "newswires",
          },
          {
            "Key": "gu:cdk:version",
            "Value": "TEST",
          },
          {
            "Key": "gu:repo",
            "Value": "guardian/newswires",
          },
          {
            "Key": "Name",
            "Value": "NewswiresCloudFrontCertificateTest/cloudfront-certificate-TEST",
          },
          {
            "Key": "Stack",
            "Value": "editorial-feeds",
          },
          {
            "Key": "Stage",
            "Value": "TEST",
          },
        ],
        "ValidationMethod": "DNS",
      },
      "Type": "AWS::CertificateManager::Certificate",
    },
  },
}
`;
