// Jest Snapshot v1, https://goo.gl/fbAQLP

exports[`The NewsWires stack matches the snapshot 1`] = `
{
  "Metadata": {
    "gu:cdk:constructs": [
      "GuParameter",
      "GuGetS3ObjectsPolicy",
      "GuVpcParameter",
      "GuSubnetListParameter",
      "GuSubnetListParameter",
      "GuPlayApp",
      "GuDistributionBucketParameter",
      "GuCertificate",
      "GuInstanceRole",
      "GuSsmSshPolicy",
      "GuDescribeEC2Policy",
      "GuLoggingStreamNameParameter",
      "GuLogShippingPolicy",
      "GuGetDistributablePolicy",
      "GuParameterStoreReadPolicy",
      "GuAmiParameter",
      "GuHttpsEgressSecurityGroup",
      "GuWazuhAccess",
      "GuAutoScalingGroup",
      "GuApplicationLoadBalancer",
      "GuApplicationTargetGroup",
      "GuHttpsApplicationListener",
      "GuAlb5xxPercentageAlarm",
      "GuUnhealthyInstancesAlarm",
    ],
    "gu:cdk:version": "TEST",
  },
  "Outputs": {
    "LoadBalancerNewswiresDnsName": {
      "Description": "DNS entry for LoadBalancerNewswires",
      "Value": {
        "Fn::GetAtt": [
          "LoadBalancerNewswires3B8BBCB3",
          "DNSName",
        ],
      },
    },
  },
  "Parameters": {
    "AMINewswires": {
      "Description": "Amazon Machine Image ID for the app newswires. Use this in conjunction with AMIgo to keep AMIs up to date.",
      "Type": "AWS::EC2::Image::Id",
    },
    "DistributionBucketName": {
      "Default": "/account/services/artifact.bucket",
      "Description": "SSM parameter containing the S3 bucket name holding distribution artifacts",
      "Type": "AWS::SSM::Parameter::Value<String>",
    },
    "LoggingStreamName": {
      "Default": "/account/services/logging.stream.name",
      "Description": "SSM parameter containing the Name (not ARN) on the kinesis stream",
      "Type": "AWS::SSM::Parameter::Value<String>",
    },
    "PanDomainSettingsBucket": {
      "Default": "/TEST/editorial-feeds/newswires/pan-domain-settings-bucket",
      "Description": "Bucket name for pan-domain auth settings",
      "Type": "AWS::SSM::Parameter::Value<String>",
    },
    "VpcId": {
      "Default": "/account/vpc/primary/id",
      "Description": "Virtual Private Cloud to run EC2 instances within. Should NOT be the account default VPC.",
      "Type": "AWS::SSM::Parameter::Value<AWS::EC2::VPC::Id>",
    },
    "newswiresPrivateSubnets": {
      "Default": "/account/vpc/primary/subnets/private",
      "Description": "A list of private subnets",
      "Type": "AWS::SSM::Parameter::Value<List<AWS::EC2::Subnet::Id>>",
    },
    "newswiresPublicSubnets": {
      "Default": "/account/vpc/primary/subnets/public",
      "Description": "A list of public subnets",
      "Type": "AWS::SSM::Parameter::Value<List<AWS::EC2::Subnet::Id>>",
    },
  },
  "Resources": {
    "AutoScalingGroupNewswiresASG21224341": {
      "Properties": {
        "HealthCheckGracePeriod": 120,
        "HealthCheckType": "ELB",
        "LaunchTemplate": {
          "LaunchTemplateId": {
            "Ref": "editorialfeedsTESTnewswires01BC2EBA",
          },
          "Version": {
            "Fn::GetAtt": [
              "editorialfeedsTESTnewswires01BC2EBA",
              "LatestVersionNumber",
            ],
          },
        },
        "MaxSize": "2",
        "MetricsCollection": [
          {
            "Granularity": "1Minute",
            "Metrics": [
              "GroupTotalInstances",
              "GroupInServiceInstances",
            ],
          },
        ],
        "MinSize": "1",
        "Tags": [
          {
            "Key": "App",
            "PropagateAtLaunch": true,
            "Value": "newswires",
          },
          {
            "Key": "gu:cdk:version",
            "PropagateAtLaunch": true,
            "Value": "TEST",
          },
          {
            "Key": "gu:repo",
            "PropagateAtLaunch": true,
            "Value": "guardian/newswires",
          },
          {
            "Key": "LogKinesisStreamName",
            "PropagateAtLaunch": true,
            "Value": {
              "Ref": "LoggingStreamName",
            },
          },
          {
            "Key": "Stack",
            "PropagateAtLaunch": true,
            "Value": "editorial-feeds",
          },
          {
            "Key": "Stage",
            "PropagateAtLaunch": true,
            "Value": "TEST",
          },
          {
            "Key": "SystemdUnit",
            "PropagateAtLaunch": true,
            "Value": "newswires.service",
          },
        ],
        "TargetGroupARNs": [
          {
            "Ref": "TargetGroupNewswires87809E8A",
          },
        ],
        "VPCZoneIdentifier": {
          "Ref": "newswiresPrivateSubnets",
        },
      },
      "Type": "AWS::AutoScaling::AutoScalingGroup",
    },
    "CertificateNewswiresFEA3DE56": {
      "DeletionPolicy": "Retain",
      "Properties": {
        "DomainName": "newswires.TEST.dev-gutools.co.uk",
        "Tags": [
          {
            "Key": "App",
            "Value": "newswires",
          },
          {
            "Key": "gu:cdk:version",
            "Value": "TEST",
          },
          {
            "Key": "gu:repo",
            "Value": "guardian/newswires",
          },
          {
            "Key": "Name",
            "Value": "NewsWires/CertificateNewswires",
          },
          {
            "Key": "Stack",
            "Value": "editorial-feeds",
          },
          {
            "Key": "Stage",
            "Value": "TEST",
          },
        ],
        "ValidationMethod": "DNS",
      },
      "Type": "AWS::CertificateManager::Certificate",
      "UpdateReplacePolicy": "Retain",
    },
    "DescribeEC2PolicyFF5F9295": {
      "Properties": {
        "PolicyDocument": {
          "Statement": [
            {
              "Action": [
                "autoscaling:DescribeAutoScalingInstances",
                "autoscaling:DescribeAutoScalingGroups",
                "ec2:DescribeTags",
                "ec2:DescribeInstances",
              ],
              "Effect": "Allow",
              "Resource": "*",
            },
          ],
          "Version": "2012-10-17",
        },
        "PolicyName": "describe-ec2-policy",
        "Roles": [
          {
            "Ref": "InstanceRoleNewswiresC10A0615",
          },
        ],
      },
      "Type": "AWS::IAM::Policy",
    },
    "GetDistributablePolicyNewswires3D555C70": {
      "Properties": {
        "PolicyDocument": {
          "Statement": [
            {
              "Action": "s3:GetObject",
              "Effect": "Allow",
              "Resource": {
                "Fn::Join": [
                  "",
                  [
                    "arn:aws:s3:::",
                    {
                      "Ref": "DistributionBucketName",
                    },
                    "/editorial-feeds/TEST/newswires/*",
                  ],
                ],
              },
            },
          ],
          "Version": "2012-10-17",
        },
        "PolicyName": "GetDistributablePolicyNewswires3D555C70",
        "Roles": [
          {
            "Ref": "InstanceRoleNewswiresC10A0615",
          },
        ],
      },
      "Type": "AWS::IAM::Policy",
    },
    "GuHttpsEgressSecurityGroupNewswiresEF9436B0": {
      "Properties": {
        "GroupDescription": "Allow all outbound HTTPS traffic",
        "SecurityGroupEgress": [
          {
            "CidrIp": "0.0.0.0/0",
            "Description": "Allow all outbound HTTPS traffic",
            "FromPort": 443,
            "IpProtocol": "tcp",
            "ToPort": 443,
          },
        ],
        "Tags": [
          {
            "Key": "App",
            "Value": "newswires",
          },
          {
            "Key": "gu:cdk:version",
            "Value": "TEST",
          },
          {
            "Key": "gu:repo",
            "Value": "guardian/newswires",
          },
          {
            "Key": "Stack",
            "Value": "editorial-feeds",
          },
          {
            "Key": "Stage",
            "Value": "TEST",
          },
        ],
        "VpcId": {
          "Ref": "VpcId",
        },
      },
      "Type": "AWS::EC2::SecurityGroup",
    },
    "GuHttpsEgressSecurityGroupNewswiresfromNewsWiresLoadBalancerNewswiresSecurityGroup8ADCE5259000A6CE881B": {
      "Properties": {
        "Description": "Load balancer to target",
        "FromPort": 9000,
        "GroupId": {
          "Fn::GetAtt": [
            "GuHttpsEgressSecurityGroupNewswiresEF9436B0",
            "GroupId",
          ],
        },
        "IpProtocol": "tcp",
        "SourceSecurityGroupId": {
          "Fn::GetAtt": [
            "LoadBalancerNewswiresSecurityGroupF93D2107",
            "GroupId",
          ],
        },
        "ToPort": 9000,
      },
      "Type": "AWS::EC2::SecurityGroupIngress",
    },
    "GuLogShippingPolicy981BFE5A": {
      "Properties": {
        "PolicyDocument": {
          "Statement": [
            {
              "Action": [
                "kinesis:Describe*",
                "kinesis:Put*",
              ],
              "Effect": "Allow",
              "Resource": {
                "Fn::Join": [
                  "",
                  [
                    "arn:aws:kinesis:",
                    {
                      "Ref": "AWS::Region",
                    },
                    ":",
                    {
                      "Ref": "AWS::AccountId",
                    },
                    ":stream/",
                    {
                      "Ref": "LoggingStreamName",
                    },
                  ],
                ],
              },
            },
          ],
          "Version": "2012-10-17",
        },
        "PolicyName": "GuLogShippingPolicy981BFE5A",
        "Roles": [
          {
            "Ref": "InstanceRoleNewswiresC10A0615",
          },
        ],
      },
      "Type": "AWS::IAM::Policy",
    },
    "High5xxPercentageAlarmNewswiresC0FCCFC5": {
      "Properties": {
        "ActionsEnabled": true,
        "AlarmActions": [
          {
            "Fn::Join": [
              "",
              [
                "arn:aws:sns:",
                {
                  "Ref": "AWS::Region",
                },
                ":",
                {
                  "Ref": "AWS::AccountId",
                },
                ":",
                {
                  "Fn::GetAtt": [
                    "newswiresemailalarmtopicB2906D97",
                    "TopicName",
                  ],
                },
              ],
            ],
          },
        ],
        "AlarmDescription": "newswires exceeded 10% error rate",
        "AlarmName": "High 5XX error percentage from newswires in TEST",
        "ComparisonOperator": "GreaterThanThreshold",
        "EvaluationPeriods": 1,
        "Metrics": [
          {
            "Expression": "100*(m1+m2)/m3",
            "Id": "expr_1",
            "Label": "% of 5XX responses served for newswires (load balancer and instances combined)",
          },
          {
            "Id": "m1",
            "MetricStat": {
              "Metric": {
                "Dimensions": [
                  {
                    "Name": "LoadBalancer",
                    "Value": {
                      "Fn::GetAtt": [
                        "LoadBalancerNewswires3B8BBCB3",
                        "LoadBalancerFullName",
                      ],
                    },
                  },
                ],
                "MetricName": "HTTPCode_ELB_5XX_Count",
                "Namespace": "AWS/ApplicationELB",
              },
              "Period": 60,
              "Stat": "Sum",
            },
            "ReturnData": false,
          },
          {
            "Id": "m2",
            "MetricStat": {
              "Metric": {
                "Dimensions": [
                  {
                    "Name": "LoadBalancer",
                    "Value": {
                      "Fn::GetAtt": [
                        "LoadBalancerNewswires3B8BBCB3",
                        "LoadBalancerFullName",
                      ],
                    },
                  },
                ],
                "MetricName": "HTTPCode_Target_5XX_Count",
                "Namespace": "AWS/ApplicationELB",
              },
              "Period": 60,
              "Stat": "Sum",
            },
            "ReturnData": false,
          },
          {
            "Id": "m3",
            "MetricStat": {
              "Metric": {
                "Dimensions": [
                  {
                    "Name": "LoadBalancer",
                    "Value": {
                      "Fn::GetAtt": [
                        "LoadBalancerNewswires3B8BBCB3",
                        "LoadBalancerFullName",
                      ],
                    },
                  },
                ],
                "MetricName": "RequestCount",
                "Namespace": "AWS/ApplicationELB",
              },
              "Period": 60,
              "Stat": "Sum",
            },
            "ReturnData": false,
          },
        ],
        "Tags": [
          {
            "Key": "gu:cdk:version",
            "Value": "TEST",
          },
          {
            "Key": "gu:repo",
            "Value": "guardian/newswires",
          },
          {
            "Key": "Stack",
            "Value": "editorial-feeds",
          },
          {
            "Key": "Stage",
            "Value": "TEST",
          },
        ],
        "Threshold": 10,
        "TreatMissingData": "notBreaching",
      },
      "Type": "AWS::CloudWatch::Alarm",
    },
    "InstanceRoleNewswiresC10A0615": {
      "Properties": {
        "AssumeRolePolicyDocument": {
          "Statement": [
            {
              "Action": "sts:AssumeRole",
              "Effect": "Allow",
              "Principal": {
                "Service": "ec2.amazonaws.com",
              },
            },
          ],
          "Version": "2012-10-17",
        },
        "Path": "/",
        "Tags": [
          {
            "Key": "App",
            "Value": "newswires",
          },
          {
            "Key": "gu:cdk:version",
            "Value": "TEST",
          },
          {
            "Key": "gu:repo",
            "Value": "guardian/newswires",
          },
          {
            "Key": "Stack",
            "Value": "editorial-feeds",
          },
          {
            "Key": "Stage",
            "Value": "TEST",
          },
        ],
      },
      "Type": "AWS::IAM::Role",
    },
    "ListenerNewswires227C913D": {
      "Properties": {
        "Certificates": [
          {
            "CertificateArn": {
              "Ref": "CertificateNewswiresFEA3DE56",
            },
          },
        ],
        "DefaultActions": [
          {
            "TargetGroupArn": {
              "Ref": "TargetGroupNewswires87809E8A",
            },
            "Type": "forward",
          },
        ],
        "LoadBalancerArn": {
          "Ref": "LoadBalancerNewswires3B8BBCB3",
        },
        "Port": 443,
        "Protocol": "HTTPS",
        "SslPolicy": "ELBSecurityPolicy-TLS13-1-2-2021-06",
      },
      "Type": "AWS::ElasticLoadBalancingV2::Listener",
    },
    "LoadBalancerNewswires3B8BBCB3": {
      "Properties": {
        "LoadBalancerAttributes": [
          {
            "Key": "deletion_protection.enabled",
            "Value": "true",
          },
          {
            "Key": "routing.http.x_amzn_tls_version_and_cipher_suite.enabled",
            "Value": "true",
          },
          {
            "Key": "routing.http.drop_invalid_header_fields.enabled",
            "Value": "true",
          },
        ],
        "Scheme": "internet-facing",
        "SecurityGroups": [
          {
            "Fn::GetAtt": [
              "LoadBalancerNewswiresSecurityGroupF93D2107",
              "GroupId",
            ],
          },
        ],
        "Subnets": {
          "Ref": "newswiresPublicSubnets",
        },
        "Tags": [
          {
            "Key": "App",
            "Value": "newswires",
          },
          {
            "Key": "gu:cdk:version",
            "Value": "TEST",
          },
          {
            "Key": "gu:repo",
            "Value": "guardian/newswires",
          },
          {
            "Key": "Stack",
            "Value": "editorial-feeds",
          },
          {
            "Key": "Stage",
            "Value": "TEST",
          },
        ],
        "Type": "application",
      },
      "Type": "AWS::ElasticLoadBalancingV2::LoadBalancer",
    },
    "LoadBalancerNewswiresSecurityGroupF93D2107": {
      "Properties": {
        "GroupDescription": "Automatically created Security Group for ELB NewsWiresLoadBalancerNewswiresEBDCB4DC",
        "SecurityGroupIngress": [
          {
            "CidrIp": "0.0.0.0/0",
            "Description": "Allow from anyone on port 443",
            "FromPort": 443,
            "IpProtocol": "tcp",
            "ToPort": 443,
          },
        ],
        "Tags": [
          {
            "Key": "App",
            "Value": "newswires",
          },
          {
            "Key": "gu:cdk:version",
            "Value": "TEST",
          },
          {
            "Key": "gu:repo",
            "Value": "guardian/newswires",
          },
          {
            "Key": "Stack",
            "Value": "editorial-feeds",
          },
          {
            "Key": "Stage",
            "Value": "TEST",
          },
        ],
        "VpcId": {
          "Ref": "VpcId",
        },
      },
      "Type": "AWS::EC2::SecurityGroup",
    },
    "LoadBalancerNewswiresSecurityGrouptoNewsWiresGuHttpsEgressSecurityGroupNewswiresB0FBC2079000D4277426": {
      "Properties": {
        "Description": "Load balancer to target",
        "DestinationSecurityGroupId": {
          "Fn::GetAtt": [
            "GuHttpsEgressSecurityGroupNewswiresEF9436B0",
            "GroupId",
          ],
        },
        "FromPort": 9000,
        "GroupId": {
          "Fn::GetAtt": [
            "LoadBalancerNewswiresSecurityGroupF93D2107",
            "GroupId",
          ],
        },
        "IpProtocol": "tcp",
        "ToPort": 9000,
      },
      "Type": "AWS::EC2::SecurityGroupEgress",
    },
    "LoadBalancerNewswiresSecurityGrouptoNewsWiresWazuhSecurityGroup55D635E59000B32EF289": {
      "Properties": {
        "Description": "Load balancer to target",
        "DestinationSecurityGroupId": {
          "Fn::GetAtt": [
            "WazuhSecurityGroup",
            "GroupId",
          ],
        },
        "FromPort": 9000,
        "GroupId": {
          "Fn::GetAtt": [
            "LoadBalancerNewswiresSecurityGroupF93D2107",
            "GroupId",
          ],
        },
        "IpProtocol": "tcp",
        "ToPort": 9000,
      },
      "Type": "AWS::EC2::SecurityGroupEgress",
    },
    "PandaAuthPolicy4E029301": {
      "Properties": {
        "PolicyDocument": {
          "Statement": [
            {
              "Action": "s3:GetObject",
              "Effect": "Allow",
              "Resource": {
                "Fn::Join": [
                  "",
                  [
                    "arn:aws:s3:::",
                    {
                      "Ref": "PanDomainSettingsBucket",
                    },
                    "/*",
                  ],
                ],
              },
            },
          ],
          "Version": "2012-10-17",
        },
        "PolicyName": "PandaAuthPolicy4E029301",
        "Roles": [
          {
            "Ref": "InstanceRoleNewswiresC10A0615",
          },
        ],
      },
      "Type": "AWS::IAM::Policy",
    },
    "ParameterStoreReadNewswiresF3917A8D": {
      "Properties": {
        "PolicyDocument": {
          "Statement": [
            {
              "Action": "ssm:GetParametersByPath",
              "Effect": "Allow",
              "Resource": {
                "Fn::Join": [
                  "",
                  [
                    "arn:aws:ssm:",
                    {
                      "Ref": "AWS::Region",
                    },
                    ":",
                    {
                      "Ref": "AWS::AccountId",
                    },
                    ":parameter/TEST/editorial-feeds/newswires",
                  ],
                ],
              },
            },
            {
              "Action": [
                "ssm:GetParameters",
                "ssm:GetParameter",
              ],
              "Effect": "Allow",
              "Resource": {
                "Fn::Join": [
                  "",
                  [
                    "arn:aws:ssm:",
                    {
                      "Ref": "AWS::Region",
                    },
                    ":",
                    {
                      "Ref": "AWS::AccountId",
                    },
                    ":parameter/TEST/editorial-feeds/newswires/*",
                  ],
                ],
              },
            },
          ],
          "Version": "2012-10-17",
        },
        "PolicyName": "parameter-store-read-policy",
        "Roles": [
          {
            "Ref": "InstanceRoleNewswiresC10A0615",
          },
        ],
      },
      "Type": "AWS::IAM::Policy",
    },
    "SsmSshPolicy4CFC977E": {
      "Properties": {
        "PolicyDocument": {
          "Statement": [
            {
              "Action": [
                "ec2messages:AcknowledgeMessage",
                "ec2messages:DeleteMessage",
                "ec2messages:FailMessage",
                "ec2messages:GetEndpoint",
                "ec2messages:GetMessages",
                "ec2messages:SendReply",
                "ssm:UpdateInstanceInformation",
                "ssm:ListInstanceAssociations",
                "ssm:DescribeInstanceProperties",
                "ssm:DescribeDocumentParameters",
                "ssmmessages:CreateControlChannel",
                "ssmmessages:CreateDataChannel",
                "ssmmessages:OpenControlChannel",
                "ssmmessages:OpenDataChannel",
              ],
              "Effect": "Allow",
              "Resource": "*",
            },
          ],
          "Version": "2012-10-17",
        },
        "PolicyName": "ssm-ssh-policy",
        "Roles": [
          {
            "Ref": "InstanceRoleNewswiresC10A0615",
          },
        ],
      },
      "Type": "AWS::IAM::Policy",
    },
    "TargetGroupNewswires87809E8A": {
      "Properties": {
        "HealthCheckIntervalSeconds": 10,
        "HealthCheckPath": "/healthcheck",
        "HealthCheckProtocol": "HTTP",
        "HealthCheckTimeoutSeconds": 5,
        "HealthyThresholdCount": 5,
        "Port": 9000,
        "Protocol": "HTTP",
        "Tags": [
          {
            "Key": "App",
            "Value": "newswires",
          },
          {
            "Key": "gu:cdk:version",
            "Value": "TEST",
          },
          {
            "Key": "gu:repo",
            "Value": "guardian/newswires",
          },
          {
            "Key": "Stack",
            "Value": "editorial-feeds",
          },
          {
            "Key": "Stage",
            "Value": "TEST",
          },
        ],
        "TargetGroupAttributes": [
          {
            "Key": "deregistration_delay.timeout_seconds",
            "Value": "30",
          },
          {
            "Key": "stickiness.enabled",
            "Value": "false",
          },
        ],
        "TargetType": "instance",
        "UnhealthyThresholdCount": 2,
        "VpcId": {
          "Ref": "VpcId",
        },
      },
      "Type": "AWS::ElasticLoadBalancingV2::TargetGroup",
    },
    "UnhealthyInstancesAlarmNewswires7AAD87B6": {
      "Properties": {
        "ActionsEnabled": true,
        "AlarmActions": [
          {
            "Fn::Join": [
              "",
              [
                "arn:aws:sns:",
                {
                  "Ref": "AWS::Region",
                },
                ":",
                {
                  "Ref": "AWS::AccountId",
                },
                ":",
                {
                  "Fn::GetAtt": [
                    "newswiresemailalarmtopicB2906D97",
                    "TopicName",
                  ],
                },
              ],
            ],
          },
        ],
        "AlarmDescription": "newswires's instances have failed healthchecks several times over the last 1 hour.
      This typically results in the AutoScaling Group cycling instances and can lead to problems with deployment,
      scaling or handling traffic spikes.

      Check newswires's application logs or ssh onto an unhealthy instance in order to debug these problems.",
        "AlarmName": "Unhealthy instances for newswires in TEST",
        "ComparisonOperator": "GreaterThanOrEqualToThreshold",
        "DatapointsToAlarm": 30,
        "Dimensions": [
          {
            "Name": "LoadBalancer",
            "Value": {
              "Fn::Join": [
                "",
                [
                  {
                    "Fn::Select": [
                      1,
                      {
                        "Fn::Split": [
                          "/",
                          {
                            "Ref": "ListenerNewswires227C913D",
                          },
                        ],
                      },
                    ],
                  },
                  "/",
                  {
                    "Fn::Select": [
                      2,
                      {
                        "Fn::Split": [
                          "/",
                          {
                            "Ref": "ListenerNewswires227C913D",
                          },
                        ],
                      },
                    ],
                  },
                  "/",
                  {
                    "Fn::Select": [
                      3,
                      {
                        "Fn::Split": [
                          "/",
                          {
                            "Ref": "ListenerNewswires227C913D",
                          },
                        ],
                      },
                    ],
                  },
                ],
              ],
            },
          },
          {
            "Name": "TargetGroup",
            "Value": {
              "Fn::GetAtt": [
                "TargetGroupNewswires87809E8A",
                "TargetGroupFullName",
              ],
            },
          },
        ],
        "EvaluationPeriods": 60,
        "MetricName": "UnHealthyHostCount",
        "Namespace": "AWS/ApplicationELB",
        "Period": 60,
        "Statistic": "Maximum",
        "Tags": [
          {
            "Key": "gu:cdk:version",
            "Value": "TEST",
          },
          {
            "Key": "gu:repo",
            "Value": "guardian/newswires",
          },
          {
            "Key": "Stack",
            "Value": "editorial-feeds",
          },
          {
            "Key": "Stage",
            "Value": "TEST",
          },
        ],
        "Threshold": 1,
        "TreatMissingData": "notBreaching",
      },
      "Type": "AWS::CloudWatch::Alarm",
    },
    "WazuhSecurityGroup": {
      "Properties": {
        "GroupDescription": "Allow outbound traffic from wazuh agent to manager",
        "SecurityGroupEgress": [
          {
            "CidrIp": "0.0.0.0/0",
            "Description": "Wazuh event logging",
            "FromPort": 1514,
            "IpProtocol": "tcp",
            "ToPort": 1514,
          },
          {
            "CidrIp": "0.0.0.0/0",
            "Description": "Wazuh agent registration",
            "FromPort": 1515,
            "IpProtocol": "tcp",
            "ToPort": 1515,
          },
        ],
        "Tags": [
          {
            "Key": "gu:cdk:version",
            "Value": "TEST",
          },
          {
            "Key": "gu:repo",
            "Value": "guardian/newswires",
          },
          {
            "Key": "Stack",
            "Value": "editorial-feeds",
          },
          {
            "Key": "Stage",
            "Value": "TEST",
          },
        ],
        "VpcId": {
          "Ref": "VpcId",
        },
      },
      "Type": "AWS::EC2::SecurityGroup",
    },
    "WazuhSecurityGroupfromNewsWiresLoadBalancerNewswiresSecurityGroup8ADCE5259000DD710E7F": {
      "Properties": {
        "Description": "Load balancer to target",
        "FromPort": 9000,
        "GroupId": {
          "Fn::GetAtt": [
            "WazuhSecurityGroup",
            "GroupId",
          ],
        },
        "IpProtocol": "tcp",
        "SourceSecurityGroupId": {
          "Fn::GetAtt": [
            "LoadBalancerNewswiresSecurityGroupF93D2107",
            "GroupId",
          ],
        },
        "ToPort": 9000,
      },
      "Type": "AWS::EC2::SecurityGroupIngress",
    },
    "editorialfeedsTESTnewswires01BC2EBA": {
      "DependsOn": [
        "InstanceRoleNewswiresC10A0615",
      ],
      "Properties": {
        "LaunchTemplateData": {
          "IamInstanceProfile": {
            "Arn": {
              "Fn::GetAtt": [
                "editorialfeedsTESTnewswiresProfileD57DD674",
                "Arn",
              ],
            },
          },
          "ImageId": {
            "Ref": "AMINewswires",
          },
          "InstanceType": "t4g.small",
          "MetadataOptions": {
            "HttpTokens": "required",
            "InstanceMetadataTags": "enabled",
          },
          "SecurityGroupIds": [
            {
              "Fn::GetAtt": [
                "GuHttpsEgressSecurityGroupNewswiresEF9436B0",
                "GroupId",
              ],
            },
            {
              "Fn::GetAtt": [
                "WazuhSecurityGroup",
                "GroupId",
              ],
            },
          ],
          "TagSpecifications": [
            {
              "ResourceType": "instance",
              "Tags": [
                {
                  "Key": "App",
                  "Value": "newswires",
                },
                {
                  "Key": "gu:cdk:version",
                  "Value": "TEST",
                },
                {
                  "Key": "gu:repo",
                  "Value": "guardian/newswires",
                },
                {
                  "Key": "Name",
                  "Value": "NewsWires/editorial-feeds-TEST-newswires",
                },
                {
                  "Key": "Stack",
                  "Value": "editorial-feeds",
                },
                {
                  "Key": "Stage",
                  "Value": "TEST",
                },
              ],
            },
            {
              "ResourceType": "volume",
              "Tags": [
                {
                  "Key": "App",
                  "Value": "newswires",
                },
                {
                  "Key": "gu:cdk:version",
                  "Value": "TEST",
                },
                {
                  "Key": "gu:repo",
                  "Value": "guardian/newswires",
                },
                {
                  "Key": "Name",
                  "Value": "NewsWires/editorial-feeds-TEST-newswires",
                },
                {
                  "Key": "Stack",
                  "Value": "editorial-feeds",
                },
                {
                  "Key": "Stage",
                  "Value": "TEST",
                },
              ],
            },
          ],
          "UserData": {
            "Fn::Base64": {
              "Fn::Join": [
                "",
                [
                  "#!/bin/bash
mkdir -p $(dirname '/newswires/newswires.deb')
aws s3 cp 's3://",
                  {
                    "Ref": "DistributionBucketName",
                  },
                  "/editorial-feeds/TEST/newswires/newswires.deb' '/newswires/newswires.deb'
dpkg -i /newswires/newswires.deb",
                ],
              ],
            },
          },
        },
        "TagSpecifications": [
          {
            "ResourceType": "launch-template",
            "Tags": [
              {
                "Key": "App",
                "Value": "newswires",
              },
              {
                "Key": "gu:cdk:version",
                "Value": "TEST",
              },
              {
                "Key": "gu:repo",
                "Value": "guardian/newswires",
              },
              {
                "Key": "Name",
                "Value": "NewsWires/editorial-feeds-TEST-newswires",
              },
              {
                "Key": "Stack",
                "Value": "editorial-feeds",
              },
              {
                "Key": "Stage",
                "Value": "TEST",
              },
            ],
          },
        ],
      },
      "Type": "AWS::EC2::LaunchTemplate",
    },
    "editorialfeedsTESTnewswiresProfileD57DD674": {
      "Properties": {
        "Roles": [
          {
            "Ref": "InstanceRoleNewswiresC10A0615",
          },
        ],
      },
      "Type": "AWS::IAM::InstanceProfile",
    },
    "newswiresemailalarmtopicB2906D97": {
      "Properties": {
        "Tags": [
          {
            "Key": "gu:cdk:version",
            "Value": "TEST",
          },
          {
            "Key": "gu:repo",
            "Value": "guardian/newswires",
          },
          {
            "Key": "Stack",
            "Value": "editorial-feeds",
          },
          {
            "Key": "Stage",
            "Value": "TEST",
          },
        ],
      },
      "Type": "AWS::SNS::Topic",
    },
  },
}
`;
