// Jest Snapshot v1, https://jestjs.io/docs/snapshot-testing

exports[`generated riff-raff.yaml matches the snapshot 1`] = `
"allowedStages:
  - CODE
  - PROD
deployments:
  cfn-eu-west-1-editorial-feeds-wires-feeds:
    type: cloud-formation
    regions:
      - eu-west-1
    stacks:
      - editorial-feeds
    app: wires-feeds
    contentDirectory: cdk.out
    parameters:
      templateStagePaths:
        CODE: WiresFeeds-CODE.template.json
        PROD: WiresFeeds-PROD.template.json
  lambda-upload-eu-west-1-editorial-feeds-fingerpost-queueing-lambda:
    type: aws-lambda
    stacks:
      - editorial-feeds
    regions:
      - eu-west-1
    app: fingerpost-queueing-lambda
    contentDirectory: fingerpost-queueing-lambda
    parameters:
      bucketSsmLookup: true
      lookupByTags: true
      fileName: fingerpost-queueing-lambda.zip
    actions:
      - uploadLambda
  lambda-upload-eu-west-1-editorial-feeds-ingestion-lambda:
    type: aws-lambda
    stacks:
      - editorial-feeds
    regions:
      - eu-west-1
    app: ingestion-lambda
    contentDirectory: ingestion-lambda
    parameters:
      bucketSsmLookup: true
      lookupByTags: true
      fileName: ingestion-lambda.zip
    actions:
      - uploadLambda
  lambda-upload-eu-west-1-editorial-feeds-reingestion-initiation-lambda:
    type: aws-lambda
    stacks:
      - editorial-feeds
    regions:
      - eu-west-1
    app: reingestion-initiation-lambda
    contentDirectory: reingestion-initiation-lambda
    parameters:
      bucketSsmLookup: true
      lookupByTags: true
      fileName: reingestion-initiation-lambda.zip
    actions:
      - uploadLambda
  lambda-upload-eu-west-1-editorial-feeds-email-filter-lambda:
    type: aws-lambda
    stacks:
      - editorial-feeds
    regions:
      - eu-west-1
    app: email-filter-lambda
    contentDirectory: email-filter-lambda
    parameters:
      bucketSsmLookup: true
      lookupByTags: true
      fileName: email-filter-lambda.zip
    actions:
      - uploadLambda
  lambda-upload-eu-west-1-editorial-feeds-cleanup-lambda:
    type: aws-lambda
    stacks:
      - editorial-feeds
    regions:
      - eu-west-1
    app: cleanup-lambda
    contentDirectory: cleanup-lambda
    parameters:
      bucketSsmLookup: true
      lookupByTags: true
      fileName: cleanup-lambda.zip
    actions:
      - uploadLambda
  lambda-upload-eu-west-1-editorial-feeds-reuters_poller_lambda:
    type: aws-lambda
    stacks:
      - editorial-feeds
    regions:
      - eu-west-1
    app: reuters_poller_lambda
    contentDirectory: poller-lambdas
    parameters:
      bucketSsmLookup: true
      lookupByTags: true
      fileName: poller-lambdas.zip
    actions:
      - uploadLambda
  lambda-upload-eu-west-1-editorial-feeds-apPoller_poller_lambda:
    type: aws-lambda
    stacks:
      - editorial-feeds
    regions:
      - eu-west-1
    app: apPoller_poller_lambda
    contentDirectory: poller-lambdas
    parameters:
      bucketSsmLookup: true
      lookupByTags: true
      fileName: poller-lambdas.zip
    actions:
      - uploadLambda
  asg-upload-eu-west-1-editorial-feeds-newswires:
    type: autoscaling
    actions:
      - uploadArtifacts
    regions:
      - eu-west-1
    stacks:
      - editorial-feeds
    app: newswires
    parameters:
      bucketSsmLookup: true
      prefixApp: true
    contentDirectory: newswires
  cfn-eu-west-1-editorial-feeds-newswires:
    type: cloud-formation
    regions:
      - eu-west-1
    stacks:
      - editorial-feeds
    app: newswires
    contentDirectory: cdk.out
    parameters:
      templateStagePaths:
        CODE: Newswires-CODE.template.json
        PROD: Newswires-PROD.template.json
      amiParametersToTags:
        AMINewswires:
          BuiltBy: amigo
          AmigoStage: PROD
          Recipe: editorial-tools-jammy-java17
          Encrypted: 'true'
    dependencies:
      - lambda-upload-eu-west-1-editorial-feeds-fingerpost-queueing-lambda
      - lambda-upload-eu-west-1-editorial-feeds-ingestion-lambda
      - lambda-upload-eu-west-1-editorial-feeds-reingestion-initiation-lambda
      - lambda-upload-eu-west-1-editorial-feeds-email-filter-lambda
      - lambda-upload-eu-west-1-editorial-feeds-cleanup-lambda
      - lambda-upload-eu-west-1-editorial-feeds-reuters_poller_lambda
      - lambda-upload-eu-west-1-editorial-feeds-apPoller_poller_lambda
      - asg-upload-eu-west-1-editorial-feeds-newswires
      - cfn-eu-west-1-editorial-feeds-wires-feeds
      - cfn-us-east-1-editorial-feeds-newswires-cloudfront-certificate
  lambda-update-eu-west-1-editorial-feeds-fingerpost-queueing-lambda:
    type: aws-lambda
    stacks:
      - editorial-feeds
    regions:
      - eu-west-1
    app: fingerpost-queueing-lambda
    contentDirectory: fingerpost-queueing-lambda
    parameters:
      bucketSsmLookup: true
      lookupByTags: true
      fileName: fingerpost-queueing-lambda.zip
    actions:
      - updateLambda
    dependencies:
      - cfn-eu-west-1-editorial-feeds-newswires
  lambda-update-eu-west-1-editorial-feeds-ingestion-lambda:
    type: aws-lambda
    stacks:
      - editorial-feeds
    regions:
      - eu-west-1
    app: ingestion-lambda
    contentDirectory: ingestion-lambda
    parameters:
      bucketSsmLookup: true
      lookupByTags: true
      fileName: ingestion-lambda.zip
    actions:
      - updateLambda
    dependencies:
      - cfn-eu-west-1-editorial-feeds-newswires
  lambda-update-eu-west-1-editorial-feeds-reingestion-initiation-lambda:
    type: aws-lambda
    stacks:
      - editorial-feeds
    regions:
      - eu-west-1
    app: reingestion-initiation-lambda
    contentDirectory: reingestion-initiation-lambda
    parameters:
      bucketSsmLookup: true
      lookupByTags: true
      fileName: reingestion-initiation-lambda.zip
    actions:
      - updateLambda
    dependencies:
      - cfn-eu-west-1-editorial-feeds-newswires
  lambda-update-eu-west-1-editorial-feeds-email-filter-lambda:
    type: aws-lambda
    stacks:
      - editorial-feeds
    regions:
      - eu-west-1
    app: email-filter-lambda
    contentDirectory: email-filter-lambda
    parameters:
      bucketSsmLookup: true
      lookupByTags: true
      fileName: email-filter-lambda.zip
    actions:
      - updateLambda
    dependencies:
      - cfn-eu-west-1-editorial-feeds-newswires
  lambda-update-eu-west-1-editorial-feeds-cleanup-lambda:
    type: aws-lambda
    stacks:
      - editorial-feeds
    regions:
      - eu-west-1
    app: cleanup-lambda
    contentDirectory: cleanup-lambda
    parameters:
      bucketSsmLookup: true
      lookupByTags: true
      fileName: cleanup-lambda.zip
    actions:
      - updateLambda
    dependencies:
      - cfn-eu-west-1-editorial-feeds-newswires
  lambda-update-eu-west-1-editorial-feeds-reuters_poller_lambda:
    type: aws-lambda
    stacks:
      - editorial-feeds
    regions:
      - eu-west-1
    app: reuters_poller_lambda
    contentDirectory: poller-lambdas
    parameters:
      bucketSsmLookup: true
      lookupByTags: true
      fileName: poller-lambdas.zip
    actions:
      - updateLambda
    dependencies:
      - cfn-eu-west-1-editorial-feeds-newswires
  lambda-update-eu-west-1-editorial-feeds-apPoller_poller_lambda:
    type: aws-lambda
    stacks:
      - editorial-feeds
    regions:
      - eu-west-1
    app: apPoller_poller_lambda
    contentDirectory: poller-lambdas
    parameters:
      bucketSsmLookup: true
      lookupByTags: true
      fileName: poller-lambdas.zip
    actions:
      - updateLambda
    dependencies:
      - cfn-eu-west-1-editorial-feeds-newswires
  asg-update-eu-west-1-editorial-feeds-newswires:
    type: autoscaling
    actions:
      - deploy
    regions:
      - eu-west-1
    stacks:
      - editorial-feeds
    app: newswires
    parameters:
      bucketSsmLookup: true
      prefixApp: true
    dependencies:
      - cfn-eu-west-1-editorial-feeds-newswires
    contentDirectory: newswires
  cfn-us-east-1-editorial-feeds-newswires-cloudfront-certificate:
    type: cloud-formation
    regions:
      - us-east-1
    stacks:
      - editorial-feeds
    app: newswires-cloudfront-certificate
    contentDirectory: cdk.out
    parameters:
      templateStagePaths:
        CODE: NewswiresCloudFrontCertificate-CODE.template.json
        PROD: NewswiresCloudFrontCertificate-PROD.template.json
"
`;
