// Jest Snapshot v1, https://goo.gl/fbAQLP

exports[`The WiresFeeds stack matches the snapshot 1`] = `
{
  "Metadata": {
    "gu:cdk:constructs": [
      "GuSubnetListParameter",
      "GuStringParameter",
      "GuVpcParameter",
      "GuSecurityGroup",
      "GuDatabase",
      "GuS3Bucket",
      "GuDistributionBucketParameter",
      "GuLambdaFunction",
      "GuParameter",
      "GuGetS3ObjectsPolicy",
      "GuSubnetListParameter",
      "GuPlayApp",
      "GuCertificate",
      "GuInstanceRole",
      "GuSsmSshPolicy",
      "GuDescribeEC2Policy",
      "GuLoggingStreamNameParameter",
      "GuLogShippingPolicy",
      "GuGetDistributablePolicy",
      "GuParameterStoreReadPolicy",
      "GuAmiParameter",
      "GuHttpsEgressSecurityGroup",
      "GuWazuhAccess",
      "GuAutoScalingGroup",
      "GuApplicationLoadBalancer",
      "GuApplicationTargetGroup",
      "GuHttpsApplicationListener",
      "GuAlb5xxPercentageAlarm",
      "GuUnhealthyInstancesAlarm",
      "GuCname",
    ],
    "gu:cdk:version": "TEST",
  },
  "Outputs": {
    "LoadBalancerWiresfeedsDnsName": {
      "Description": "DNS entry for LoadBalancerWiresfeeds",
      "Value": {
        "Fn::GetAtt": [
          "LoadBalancerWiresfeedsEA936B0F",
          "DNSName",
        ],
      },
    },
  },
  "Parameters": {
    "AMIWiresfeeds": {
      "Description": "Amazon Machine Image ID for the app wires-feeds. Use this in conjunction with AMIgo to keep AMIs up to date.",
      "Type": "AWS::EC2::Image::Id",
    },
    "DistributionBucketName": {
      "Default": "/account/services/artifact.bucket",
      "Description": "SSM parameter containing the S3 bucket name holding distribution artifacts",
      "Type": "AWS::SSM::Parameter::Value<String>",
    },
    "LoggingStreamName": {
      "Default": "/account/services/logging.stream.name",
      "Description": "SSM parameter containing the Name (not ARN) on the kinesis stream",
      "Type": "AWS::SSM::Parameter::Value<String>",
    },
    "PanDomainSettingsBucket": {
      "Default": "/TEST/editorial-feeds/wires-feeds/pan-domain-settings-bucket",
      "Description": "Bucket name for pan-domain auth settings",
      "Type": "AWS::SSM::Parameter::Value<String>",
    },
    "VpcId": {
      "Default": "/account/vpc/primary/id",
      "Description": "Virtual Private Cloud to run EC2 instances within. Should NOT be the account default VPC.",
      "Type": "AWS::SSM::Parameter::Value<AWS::EC2::VPC::Id>",
    },
    "fingerpostpublishinguserarn": {
      "Default": "/TEST/editorial-feeds/wires-feeds/fingerpost-publishing-user-arn",
      "Type": "AWS::SSM::Parameter::Value<String>",
    },
    "wiresfeedsPrivateSubnets": {
      "Default": "/account/vpc/primary/subnets/private",
      "Description": "A list of private subnets",
      "Type": "AWS::SSM::Parameter::Value<List<AWS::EC2::Subnet::Id>>",
    },
    "wiresfeedsPublicSubnets": {
      "Default": "/account/vpc/primary/subnets/public",
      "Description": "A list of public subnets",
      "Type": "AWS::SSM::Parameter::Value<List<AWS::EC2::Subnet::Id>>",
    },
  },
  "Resources": {
    "AutoScalingGroupWiresfeedsASG6C57004B": {
      "Properties": {
        "HealthCheckGracePeriod": 120,
        "HealthCheckType": "ELB",
        "LaunchTemplate": {
          "LaunchTemplateId": {
            "Ref": "editorialfeedsTESTwiresfeeds1CE67234",
          },
          "Version": {
            "Fn::GetAtt": [
              "editorialfeedsTESTwiresfeeds1CE67234",
              "LatestVersionNumber",
            ],
          },
        },
        "MaxSize": "2",
        "MetricsCollection": [
          {
            "Granularity": "1Minute",
            "Metrics": [
              "GroupTotalInstances",
              "GroupInServiceInstances",
            ],
          },
        ],
        "MinSize": "1",
        "Tags": [
          {
            "Key": "App",
            "PropagateAtLaunch": true,
            "Value": "wires-feeds",
          },
          {
            "Key": "gu:cdk:version",
            "PropagateAtLaunch": true,
            "Value": "TEST",
          },
          {
            "Key": "gu:repo",
            "PropagateAtLaunch": true,
            "Value": "guardian/newswires",
          },
          {
            "Key": "LogKinesisStreamName",
            "PropagateAtLaunch": true,
            "Value": {
              "Ref": "LoggingStreamName",
            },
          },
          {
            "Key": "Stack",
            "PropagateAtLaunch": true,
            "Value": "editorial-feeds",
          },
          {
            "Key": "Stage",
            "PropagateAtLaunch": true,
            "Value": "TEST",
          },
          {
            "Key": "SystemdUnit",
            "PropagateAtLaunch": true,
            "Value": "newswires.service",
          },
        ],
        "TargetGroupARNs": [
          {
            "Ref": "TargetGroupWiresfeeds8F753C82",
          },
        ],
        "VPCZoneIdentifier": {
          "Ref": "wiresfeedsPrivateSubnets",
        },
      },
      "Type": "AWS::AutoScaling::AutoScalingGroup",
    },
    "CertificateWiresfeeds3BDEA86B": {
      "DeletionPolicy": "Retain",
      "Properties": {
        "DomainName": "newswires.TEST.dev-gutools.co.uk",
        "Tags": [
          {
            "Key": "App",
            "Value": "wires-feeds",
          },
          {
            "Key": "gu:cdk:version",
            "Value": "TEST",
          },
          {
            "Key": "gu:repo",
            "Value": "guardian/newswires",
          },
          {
            "Key": "Name",
            "Value": "WiresFeeds/CertificateWiresfeeds",
          },
          {
            "Key": "Stack",
            "Value": "editorial-feeds",
          },
          {
            "Key": "Stage",
            "Value": "TEST",
          },
        ],
        "ValidationMethod": "DNS",
      },
      "Type": "AWS::CertificateManager::Certificate",
      "UpdateReplacePolicy": "Retain",
    },
    "DefaultSecurityGroupWiresfeeds6083E1BA": {
      "Properties": {
        "GroupDescription": "WiresFeeds/DefaultSecurityGroupWiresfeeds",
        "SecurityGroupEgress": [
          {
            "CidrIp": "0.0.0.0/0",
            "Description": "Allow all outbound traffic by default",
            "IpProtocol": "-1",
          },
        ],
        "Tags": [
          {
            "Key": "App",
            "Value": "wires-feeds",
          },
          {
            "Key": "gu:cdk:version",
            "Value": "TEST",
          },
          {
            "Key": "gu:repo",
            "Value": "guardian/newswires",
          },
          {
            "Key": "Stack",
            "Value": "editorial-feeds",
          },
          {
            "Key": "Stage",
            "Value": "TEST",
          },
        ],
        "VpcId": {
          "Ref": "VpcId",
        },
      },
      "Type": "AWS::EC2::SecurityGroup",
    },
    "DefaultSecurityGroupWiresfeedsfromWiresFeedsDefaultSecurityGroupWiresfeedsE562FA6E54324B5B888C": {
      "Properties": {
        "Description": "from WiresFeedsDefaultSecurityGroupWiresfeedsE562FA6E:5432",
        "FromPort": 5432,
        "GroupId": {
          "Fn::GetAtt": [
            "DefaultSecurityGroupWiresfeeds6083E1BA",
            "GroupId",
          ],
        },
        "IpProtocol": "tcp",
        "SourceSecurityGroupId": {
          "Fn::GetAtt": [
            "DefaultSecurityGroupWiresfeeds6083E1BA",
            "GroupId",
          ],
        },
        "ToPort": 5432,
      },
      "Type": "AWS::EC2::SecurityGroupIngress",
    },
    "DescribeEC2PolicyFF5F9295": {
      "Properties": {
        "PolicyDocument": {
          "Statement": [
            {
              "Action": [
                "autoscaling:DescribeAutoScalingInstances",
                "autoscaling:DescribeAutoScalingGroups",
                "ec2:DescribeTags",
                "ec2:DescribeInstances",
              ],
              "Effect": "Allow",
              "Resource": "*",
            },
          ],
          "Version": "2012-10-17",
        },
        "PolicyName": "describe-ec2-policy",
        "Roles": [
          {
            "Ref": "InstanceRoleWiresfeeds49C69F29",
          },
        ],
      },
      "Type": "AWS::IAM::Policy",
    },
    "DnsRecord": {
      "Properties": {
        "Name": "newswires.TEST.dev-gutools.co.uk",
        "RecordType": "CNAME",
        "ResourceRecords": [
          {
            "Fn::GetAtt": [
              "LoadBalancerWiresfeedsEA936B0F",
              "DNSName",
            ],
          },
        ],
        "Stage": "TEST",
        "TTL": 60,
      },
      "Type": "Guardian::DNS::RecordSet",
    },
    "GetDistributablePolicyWiresfeeds7A9B054A": {
      "Properties": {
        "PolicyDocument": {
          "Statement": [
            {
              "Action": "s3:GetObject",
              "Effect": "Allow",
              "Resource": {
                "Fn::Join": [
                  "",
                  [
                    "arn:aws:s3:::",
                    {
                      "Ref": "DistributionBucketName",
                    },
                    "/editorial-feeds/TEST/wires-feeds/*",
                  ],
                ],
              },
            },
          ],
          "Version": "2012-10-17",
        },
        "PolicyName": "GetDistributablePolicyWiresfeeds7A9B054A",
        "Roles": [
          {
            "Ref": "InstanceRoleWiresfeeds49C69F29",
          },
        ],
      },
      "Type": "AWS::IAM::Policy",
    },
    "GuHttpsEgressSecurityGroupWiresfeeds3BB80BCD": {
      "Properties": {
        "GroupDescription": "Allow all outbound HTTPS traffic",
        "SecurityGroupEgress": [
          {
            "CidrIp": "0.0.0.0/0",
            "Description": "Allow all outbound HTTPS traffic",
            "FromPort": 443,
            "IpProtocol": "tcp",
            "ToPort": 443,
          },
        ],
        "Tags": [
          {
            "Key": "App",
            "Value": "wires-feeds",
          },
          {
            "Key": "gu:cdk:version",
            "Value": "TEST",
          },
          {
            "Key": "gu:repo",
            "Value": "guardian/newswires",
          },
          {
            "Key": "Stack",
            "Value": "editorial-feeds",
          },
          {
            "Key": "Stage",
            "Value": "TEST",
          },
        ],
        "VpcId": {
          "Ref": "VpcId",
        },
      },
      "Type": "AWS::EC2::SecurityGroup",
    },
    "GuHttpsEgressSecurityGroupWiresfeedsfromWiresFeedsLoadBalancerWiresfeedsSecurityGroupC137B44F9000556DF372": {
      "Properties": {
        "Description": "Load balancer to target",
        "FromPort": 9000,
        "GroupId": {
          "Fn::GetAtt": [
            "GuHttpsEgressSecurityGroupWiresfeeds3BB80BCD",
            "GroupId",
          ],
        },
        "IpProtocol": "tcp",
        "SourceSecurityGroupId": {
          "Fn::GetAtt": [
            "LoadBalancerWiresfeedsSecurityGroup512E18E9",
            "GroupId",
          ],
        },
        "ToPort": 9000,
      },
      "Type": "AWS::EC2::SecurityGroupIngress",
    },
    "GuLogShippingPolicy981BFE5A": {
      "Properties": {
        "PolicyDocument": {
          "Statement": [
            {
              "Action": [
                "kinesis:Describe*",
                "kinesis:Put*",
              ],
              "Effect": "Allow",
              "Resource": {
                "Fn::Join": [
                  "",
                  [
                    "arn:aws:kinesis:",
                    {
                      "Ref": "AWS::Region",
                    },
                    ":",
                    {
                      "Ref": "AWS::AccountId",
                    },
                    ":stream/",
                    {
                      "Ref": "LoggingStreamName",
                    },
                  ],
                ],
              },
            },
          ],
          "Version": "2012-10-17",
        },
        "PolicyName": "GuLogShippingPolicy981BFE5A",
        "Roles": [
          {
            "Ref": "InstanceRoleWiresfeeds49C69F29",
          },
        ],
      },
      "Type": "AWS::IAM::Policy",
    },
    "High5xxPercentageAlarmWiresfeedsC1DF6FC5": {
      "Properties": {
        "ActionsEnabled": true,
        "AlarmActions": [
          {
            "Fn::Join": [
              "",
              [
                "arn:aws:sns:",
                {
                  "Ref": "AWS::Region",
                },
                ":",
                {
                  "Ref": "AWS::AccountId",
                },
                ":",
                {
                  "Fn::GetAtt": [
                    "wiresfeedsemailalarmtopic4CC124DD",
                    "TopicName",
                  ],
                },
              ],
            ],
          },
        ],
        "AlarmDescription": "wires-feeds exceeded 10% error rate",
        "AlarmName": "High 5XX error percentage from wires-feeds in TEST",
        "ComparisonOperator": "GreaterThanThreshold",
        "EvaluationPeriods": 1,
        "Metrics": [
          {
            "Expression": "100*(m1+m2)/m3",
            "Id": "expr_1",
            "Label": "% of 5XX responses served for wires-feeds (load balancer and instances combined)",
          },
          {
            "Id": "m1",
            "MetricStat": {
              "Metric": {
                "Dimensions": [
                  {
                    "Name": "LoadBalancer",
                    "Value": {
                      "Fn::GetAtt": [
                        "LoadBalancerWiresfeedsEA936B0F",
                        "LoadBalancerFullName",
                      ],
                    },
                  },
                ],
                "MetricName": "HTTPCode_ELB_5XX_Count",
                "Namespace": "AWS/ApplicationELB",
              },
              "Period": 60,
              "Stat": "Sum",
            },
            "ReturnData": false,
          },
          {
            "Id": "m2",
            "MetricStat": {
              "Metric": {
                "Dimensions": [
                  {
                    "Name": "LoadBalancer",
                    "Value": {
                      "Fn::GetAtt": [
                        "LoadBalancerWiresfeedsEA936B0F",
                        "LoadBalancerFullName",
                      ],
                    },
                  },
                ],
                "MetricName": "HTTPCode_Target_5XX_Count",
                "Namespace": "AWS/ApplicationELB",
              },
              "Period": 60,
              "Stat": "Sum",
            },
            "ReturnData": false,
          },
          {
            "Id": "m3",
            "MetricStat": {
              "Metric": {
                "Dimensions": [
                  {
                    "Name": "LoadBalancer",
                    "Value": {
                      "Fn::GetAtt": [
                        "LoadBalancerWiresfeedsEA936B0F",
                        "LoadBalancerFullName",
                      ],
                    },
                  },
                ],
                "MetricName": "RequestCount",
                "Namespace": "AWS/ApplicationELB",
              },
              "Period": 60,
              "Stat": "Sum",
            },
            "ReturnData": false,
          },
        ],
        "Tags": [
          {
            "Key": "App",
            "Value": "wires-feeds",
          },
          {
            "Key": "gu:cdk:version",
            "Value": "TEST",
          },
          {
            "Key": "gu:repo",
            "Value": "guardian/newswires",
          },
          {
            "Key": "Stack",
            "Value": "editorial-feeds",
          },
          {
            "Key": "Stage",
            "Value": "TEST",
          },
        ],
        "Threshold": 10,
        "TreatMissingData": "notBreaching",
      },
      "Type": "AWS::CloudWatch::Alarm",
    },
    "IngestionLambdaTESTC02B3E43": {
      "DependsOn": [
        "IngestionLambdaTESTServiceRoleDefaultPolicy92C2CE04",
        "IngestionLambdaTESTServiceRole62DE083D",
      ],
      "Properties": {
        "Code": {
          "S3Bucket": {
            "Ref": "DistributionBucketName",
          },
          "S3Key": "editorial-feeds/TEST/ingestion-lambda/ingestion-lambda.zip",
        },
        "Environment": {
          "Variables": {
            "APP": "ingestion-lambda",
            "DATABASE_ENDPOINT_ADDRESS": {
              "Fn::GetAtt": [
                "NewswiresDBWiresfeedsD8F9D0F3",
                "Endpoint.Address",
              ],
            },
            "DATABASE_NAME": "newswires",
            "DATABASE_PORT": {
              "Fn::GetAtt": [
                "NewswiresDBWiresfeedsD8F9D0F3",
                "Endpoint.Port",
              ],
            },
            "FEEDS_BUCKET_NAME": {
              "Ref": "feedsbucketTESTWiresfeeds5E0415F0",
            },
            "STACK": "editorial-feeds",
            "STAGE": "TEST",
          },
        },
        "Handler": "handler.main",
        "LoggingConfig": {
          "LogFormat": "JSON",
        },
        "MemorySize": 512,
        "Role": {
          "Fn::GetAtt": [
            "IngestionLambdaTESTServiceRole62DE083D",
            "Arn",
          ],
        },
        "Runtime": "nodejs20.x",
        "Tags": [
          {
            "Key": "App",
            "Value": "ingestion-lambda",
          },
          {
            "Key": "gu:cdk:version",
            "Value": "TEST",
          },
          {
            "Key": "gu:repo",
            "Value": "guardian/newswires",
          },
          {
            "Key": "Stack",
            "Value": "editorial-feeds",
          },
          {
            "Key": "Stage",
            "Value": "TEST",
          },
        ],
        "Timeout": 30,
      },
      "Type": "AWS::Lambda::Function",
    },
    "IngestionLambdaTESTServiceRole62DE083D": {
      "Properties": {
        "AssumeRolePolicyDocument": {
          "Statement": [
            {
              "Action": "sts:AssumeRole",
              "Effect": "Allow",
              "Principal": {
                "Service": "lambda.amazonaws.com",
              },
            },
          ],
          "Version": "2012-10-17",
        },
        "ManagedPolicyArns": [
          {
            "Fn::Join": [
              "",
              [
                "arn:",
                {
                  "Ref": "AWS::Partition",
                },
                ":iam::aws:policy/service-role/AWSLambdaBasicExecutionRole",
              ],
            ],
          },
        ],
        "Tags": [
          {
            "Key": "App",
            "Value": "ingestion-lambda",
          },
          {
            "Key": "gu:cdk:version",
            "Value": "TEST",
          },
          {
            "Key": "gu:repo",
            "Value": "guardian/newswires",
          },
          {
            "Key": "Stack",
            "Value": "editorial-feeds",
          },
          {
            "Key": "Stage",
            "Value": "TEST",
          },
        ],
      },
      "Type": "AWS::IAM::Role",
    },
    "IngestionLambdaTESTServiceRoleDefaultPolicy92C2CE04": {
      "Properties": {
        "PolicyDocument": {
          "Statement": [
            {
              "Action": [
                "s3:GetObject*",
                "s3:GetBucket*",
                "s3:List*",
              ],
              "Effect": "Allow",
              "Resource": [
                {
                  "Fn::Join": [
                    "",
                    [
                      "arn:",
                      {
                        "Ref": "AWS::Partition",
                      },
                      ":s3:::",
                      {
                        "Ref": "DistributionBucketName",
                      },
                    ],
                  ],
                },
                {
                  "Fn::Join": [
                    "",
                    [
                      "arn:",
                      {
                        "Ref": "AWS::Partition",
                      },
                      ":s3:::",
                      {
                        "Ref": "DistributionBucketName",
                      },
                      "/editorial-feeds/TEST/ingestion-lambda/ingestion-lambda.zip",
                    ],
                  ],
                },
              ],
            },
            {
              "Action": "ssm:GetParametersByPath",
              "Effect": "Allow",
              "Resource": {
                "Fn::Join": [
                  "",
                  [
                    "arn:aws:ssm:",
                    {
                      "Ref": "AWS::Region",
                    },
                    ":",
                    {
                      "Ref": "AWS::AccountId",
                    },
                    ":parameter/TEST/editorial-feeds/ingestion-lambda",
                  ],
                ],
              },
            },
            {
              "Action": [
                "ssm:GetParameters",
                "ssm:GetParameter",
              ],
              "Effect": "Allow",
              "Resource": {
                "Fn::Join": [
                  "",
                  [
                    "arn:aws:ssm:",
                    {
                      "Ref": "AWS::Region",
                    },
                    ":",
                    {
                      "Ref": "AWS::AccountId",
                    },
                    ":parameter/TEST/editorial-feeds/ingestion-lambda/*",
                  ],
                ],
              },
            },
            {
              "Action": [
                "sqs:ReceiveMessage",
                "sqs:ChangeMessageVisibility",
                "sqs:GetQueueUrl",
                "sqs:DeleteMessage",
                "sqs:GetQueueAttributes",
              ],
              "Effect": "Allow",
              "Resource": {
                "Fn::GetAtt": [
                  "fingerpostqueueF09A4E0A",
                  "Arn",
                ],
              },
            },
            {
              "Action": [
                "s3:DeleteObject*",
                "s3:PutObject",
                "s3:PutObjectLegalHold",
                "s3:PutObjectRetention",
                "s3:PutObjectTagging",
                "s3:PutObjectVersionTagging",
                "s3:Abort*",
              ],
              "Effect": "Allow",
              "Resource": [
                {
                  "Fn::GetAtt": [
                    "feedsbucketTESTWiresfeeds5E0415F0",
                    "Arn",
                  ],
                },
                {
                  "Fn::Join": [
                    "",
                    [
                      {
                        "Fn::GetAtt": [
                          "feedsbucketTESTWiresfeeds5E0415F0",
                          "Arn",
                        ],
                      },
                      "/*",
                    ],
                  ],
                },
              ],
            },
            {
              "Action": "rds-db:connect",
              "Effect": "Allow",
              "Resource": {
                "Fn::Join": [
                  "",
                  [
                    "arn:",
                    {
                      "Ref": "AWS::Partition",
                    },
                    ":rds-db:",
                    {
                      "Ref": "AWS::Region",
                    },
                    ":",
                    {
                      "Ref": "AWS::AccountId",
                    },
                    ":dbuser:",
                    {
                      "Fn::GetAtt": [
                        "NewswiresDBWiresfeedsD8F9D0F3",
                        "DbiResourceId",
                      ],
                    },
                    "/{{resolve:secretsmanager:",
                    {
                      "Ref": "NewswiresDBWiresfeedsSecret62DA3DFC",
                    },
                    ":SecretString:username::}}",
                  ],
                ],
              },
            },
          ],
          "Version": "2012-10-17",
        },
        "PolicyName": "IngestionLambdaTESTServiceRoleDefaultPolicy92C2CE04",
        "Roles": [
          {
            "Ref": "IngestionLambdaTESTServiceRole62DE083D",
          },
        ],
      },
      "Type": "AWS::IAM::Policy",
    },
    "IngestionLambdaTESTSqsEventSourceWiresFeedsfingerpostqueue1E7A0992E56554E5": {
      "Properties": {
        "EventSourceArn": {
          "Fn::GetAtt": [
            "fingerpostqueueF09A4E0A",
            "Arn",
          ],
        },
        "FunctionName": {
          "Ref": "IngestionLambdaTESTC02B3E43",
        },
        "FunctionResponseTypes": [
          "ReportBatchItemFailures",
        ],
      },
      "Type": "AWS::Lambda::EventSourceMapping",
    },
    "InstanceRoleWiresfeeds49C69F29": {
      "Properties": {
        "AssumeRolePolicyDocument": {
          "Statement": [
            {
              "Action": "sts:AssumeRole",
              "Effect": "Allow",
              "Principal": {
                "Service": "ec2.amazonaws.com",
              },
            },
          ],
          "Version": "2012-10-17",
        },
        "Path": "/",
        "Tags": [
          {
            "Key": "App",
            "Value": "wires-feeds",
          },
          {
            "Key": "gu:cdk:version",
            "Value": "TEST",
          },
          {
            "Key": "gu:repo",
            "Value": "guardian/newswires",
          },
          {
            "Key": "Stack",
            "Value": "editorial-feeds",
          },
          {
            "Key": "Stage",
            "Value": "TEST",
          },
        ],
      },
      "Type": "AWS::IAM::Role",
    },
    "InstanceRoleWiresfeedsDefaultPolicy692AB1AE": {
      "Properties": {
        "PolicyDocument": {
          "Statement": [
            {
              "Action": "rds-db:connect",
              "Effect": "Allow",
              "Resource": {
                "Fn::Join": [
                  "",
                  [
                    "arn:",
                    {
                      "Ref": "AWS::Partition",
                    },
                    ":rds-db:",
                    {
                      "Ref": "AWS::Region",
                    },
                    ":",
                    {
                      "Ref": "AWS::AccountId",
                    },
                    ":dbuser:",
                    {
                      "Fn::GetAtt": [
                        "NewswiresDBWiresfeedsD8F9D0F3",
                        "DbiResourceId",
                      ],
                    },
                    "/{{resolve:secretsmanager:",
                    {
                      "Ref": "NewswiresDBWiresfeedsSecret62DA3DFC",
                    },
                    ":SecretString:username::}}",
                  ],
                ],
              },
            },
          ],
          "Version": "2012-10-17",
        },
        "PolicyName": "InstanceRoleWiresfeedsDefaultPolicy692AB1AE",
        "Roles": [
          {
            "Ref": "InstanceRoleWiresfeeds49C69F29",
          },
        ],
      },
      "Type": "AWS::IAM::Policy",
    },
    "ListenerWiresfeeds5D272708": {
      "Properties": {
        "Certificates": [
          {
            "CertificateArn": {
              "Ref": "CertificateWiresfeeds3BDEA86B",
            },
          },
        ],
        "DefaultActions": [
          {
            "TargetGroupArn": {
              "Ref": "TargetGroupWiresfeeds8F753C82",
            },
            "Type": "forward",
          },
        ],
        "LoadBalancerArn": {
          "Ref": "LoadBalancerWiresfeedsEA936B0F",
        },
        "Port": 443,
        "Protocol": "HTTPS",
        "SslPolicy": "ELBSecurityPolicy-TLS13-1-2-2021-06",
      },
      "Type": "AWS::ElasticLoadBalancingV2::Listener",
    },
    "LoadBalancerWiresfeedsEA936B0F": {
      "Properties": {
        "LoadBalancerAttributes": [
          {
            "Key": "deletion_protection.enabled",
            "Value": "true",
          },
          {
            "Key": "routing.http.x_amzn_tls_version_and_cipher_suite.enabled",
            "Value": "true",
          },
          {
            "Key": "routing.http.drop_invalid_header_fields.enabled",
            "Value": "true",
          },
        ],
        "Scheme": "internet-facing",
        "SecurityGroups": [
          {
            "Fn::GetAtt": [
              "LoadBalancerWiresfeedsSecurityGroup512E18E9",
              "GroupId",
            ],
          },
        ],
        "Subnets": {
          "Ref": "wiresfeedsPublicSubnets",
        },
        "Tags": [
          {
            "Key": "App",
            "Value": "wires-feeds",
          },
          {
            "Key": "gu:cdk:version",
            "Value": "TEST",
          },
          {
            "Key": "gu:repo",
            "Value": "guardian/newswires",
          },
          {
            "Key": "Stack",
            "Value": "editorial-feeds",
          },
          {
            "Key": "Stage",
            "Value": "TEST",
          },
        ],
        "Type": "application",
      },
      "Type": "AWS::ElasticLoadBalancingV2::LoadBalancer",
    },
    "LoadBalancerWiresfeedsSecurityGroup512E18E9": {
      "Properties": {
        "GroupDescription": "Automatically created Security Group for ELB WiresFeedsLoadBalancerWiresfeeds63AC9551",
        "SecurityGroupIngress": [
          {
            "CidrIp": "0.0.0.0/0",
            "Description": "Allow from anyone on port 443",
            "FromPort": 443,
            "IpProtocol": "tcp",
            "ToPort": 443,
          },
        ],
        "Tags": [
          {
            "Key": "App",
            "Value": "wires-feeds",
          },
          {
            "Key": "gu:cdk:version",
            "Value": "TEST",
          },
          {
            "Key": "gu:repo",
            "Value": "guardian/newswires",
          },
          {
            "Key": "Stack",
            "Value": "editorial-feeds",
          },
          {
            "Key": "Stage",
            "Value": "TEST",
          },
        ],
        "VpcId": {
          "Ref": "VpcId",
        },
      },
      "Type": "AWS::EC2::SecurityGroup",
    },
    "LoadBalancerWiresfeedsSecurityGrouptoWiresFeedsGuHttpsEgressSecurityGroupWiresfeedsC3D209689000D37834EF": {
      "Properties": {
        "Description": "Load balancer to target",
        "DestinationSecurityGroupId": {
          "Fn::GetAtt": [
            "GuHttpsEgressSecurityGroupWiresfeeds3BB80BCD",
            "GroupId",
          ],
        },
        "FromPort": 9000,
        "GroupId": {
          "Fn::GetAtt": [
            "LoadBalancerWiresfeedsSecurityGroup512E18E9",
            "GroupId",
          ],
        },
        "IpProtocol": "tcp",
        "ToPort": 9000,
      },
      "Type": "AWS::EC2::SecurityGroupEgress",
    },
    "LoadBalancerWiresfeedsSecurityGrouptoWiresFeedsWazuhSecurityGroupF315AFCE90007D40DEB1": {
      "Properties": {
        "Description": "Load balancer to target",
        "DestinationSecurityGroupId": {
          "Fn::GetAtt": [
            "WazuhSecurityGroup",
            "GroupId",
          ],
        },
        "FromPort": 9000,
        "GroupId": {
          "Fn::GetAtt": [
            "LoadBalancerWiresfeedsSecurityGroup512E18E9",
            "GroupId",
          ],
        },
        "IpProtocol": "tcp",
        "ToPort": 9000,
      },
      "Type": "AWS::EC2::SecurityGroupEgress",
    },
    "NewswiresDBWiresfeedsAccessSecurityGroupParamB720FDFC": {
      "Properties": {
        "DataType": "text",
        "Name": "/TEST/editorial-feeds/wires-feeds/database/access-security-group",
        "Tags": {
          "App": "wires-feeds",
          "Stack": "editorial-feeds",
          "Stage": "TEST",
          "gu:cdk:version": "TEST",
          "gu:repo": "guardian/newswires",
        },
        "Tier": "Standard",
        "Type": "String",
        "Value": {
          "Fn::GetAtt": [
            "DefaultSecurityGroupWiresfeeds6083E1BA",
            "GroupId",
          ],
        },
      },
      "Type": "AWS::SSM::Parameter",
    },
    "NewswiresDBWiresfeedsD8F9D0F3": {
      "DeletionPolicy": "Snapshot",
      "Properties": {
        "AllocatedStorage": "100",
        "CACertificateIdentifier": "rds-ca-rsa2048-g1",
        "CopyTagsToSnapshot": true,
        "DBInstanceClass": "db.t4g.small",
        "DBName": "newswires",
        "DBSubnetGroupName": {
          "Ref": "NewswiresDBWiresfeedsSubnetGroupA86B440B",
        },
        "DeletionProtection": true,
        "EnableIAMDatabaseAuthentication": true,
        "Engine": "postgres",
        "MasterUserPassword": {
          "Fn::Join": [
            "",
            [
              "{{resolve:secretsmanager:",
              {
                "Ref": "NewswiresDBWiresfeedsSecret62DA3DFC",
              },
              ":SecretString:password::}}",
            ],
          ],
        },
        "MasterUsername": {
          "Fn::Join": [
            "",
            [
              "{{resolve:secretsmanager:",
              {
                "Ref": "NewswiresDBWiresfeedsSecret62DA3DFC",
              },
              ":SecretString:username::}}",
            ],
          ],
        },
        "MultiAZ": false,
        "Port": "5432",
        "PubliclyAccessible": false,
        "StorageEncrypted": true,
        "StorageType": "gp2",
        "Tags": [
          {
            "Key": "App",
            "Value": "wires-feeds",
          },
          {
            "Key": "devx-backup-enabled",
            "Value": "true",
          },
          {
            "Key": "gu:cdk:version",
            "Value": "TEST",
          },
          {
            "Key": "gu:repo",
            "Value": "guardian/newswires",
          },
          {
            "Key": "Stack",
            "Value": "editorial-feeds",
          },
          {
            "Key": "Stage",
            "Value": "TEST",
          },
        ],
        "VPCSecurityGroups": [
          {
            "Fn::GetAtt": [
              "DefaultSecurityGroupWiresfeeds6083E1BA",
              "GroupId",
            ],
          },
        ],
      },
      "Type": "AWS::RDS::DBInstance",
      "UpdateReplacePolicy": "Snapshot",
    },
    "NewswiresDBWiresfeedsDatabaseNameParamF0AE707A": {
      "Properties": {
        "DataType": "text",
        "Name": "/TEST/editorial-feeds/wires-feeds/database/database-name",
        "Tags": {
          "App": "wires-feeds",
          "Stack": "editorial-feeds",
          "Stage": "TEST",
          "gu:cdk:version": "TEST",
          "gu:repo": "guardian/newswires",
        },
        "Tier": "Standard",
        "Type": "String",
        "Value": "newswires",
      },
      "Type": "AWS::SSM::Parameter",
    },
    "NewswiresDBWiresfeedsEndpointAddressParam32CD9399": {
      "Properties": {
        "DataType": "text",
        "Name": "/TEST/editorial-feeds/wires-feeds/database/endpoint-address",
        "Tags": {
          "App": "wires-feeds",
          "Stack": "editorial-feeds",
          "Stage": "TEST",
          "gu:cdk:version": "TEST",
          "gu:repo": "guardian/newswires",
        },
        "Tier": "Standard",
        "Type": "String",
        "Value": {
          "Fn::GetAtt": [
            "NewswiresDBWiresfeedsD8F9D0F3",
            "Endpoint.Address",
          ],
        },
      },
      "Type": "AWS::SSM::Parameter",
    },
    "NewswiresDBWiresfeedsPortParam6BC456AE": {
      "Properties": {
        "DataType": "text",
        "Name": "/TEST/editorial-feeds/wires-feeds/database/port",
        "Tags": {
          "App": "wires-feeds",
          "Stack": "editorial-feeds",
          "Stage": "TEST",
          "gu:cdk:version": "TEST",
          "gu:repo": "guardian/newswires",
        },
        "Tier": "Standard",
        "Type": "String",
        "Value": {
          "Fn::GetAtt": [
            "NewswiresDBWiresfeedsD8F9D0F3",
            "Endpoint.Port",
          ],
        },
      },
      "Type": "AWS::SSM::Parameter",
    },
    "NewswiresDBWiresfeedsSecret62DA3DFC": {
      "DeletionPolicy": "Delete",
      "Properties": {
        "Description": {
          "Fn::Join": [
            "",
            [
              "Generated by the CDK for stack: ",
              {
                "Ref": "AWS::StackName",
              },
            ],
          ],
        },
        "GenerateSecretString": {
          "ExcludeCharacters": " %+~\`#$&*()|[]{}:;<>?!'/@"\\",
          "GenerateStringKey": "password",
          "PasswordLength": 30,
          "SecretStringTemplate": "{"username":"postgres"}",
        },
        "Tags": [
          {
            "Key": "App",
            "Value": "wires-feeds",
          },
          {
            "Key": "gu:cdk:version",
            "Value": "TEST",
          },
          {
            "Key": "gu:repo",
            "Value": "guardian/newswires",
          },
          {
            "Key": "Stack",
            "Value": "editorial-feeds",
          },
          {
            "Key": "Stage",
            "Value": "TEST",
          },
        ],
      },
      "Type": "AWS::SecretsManager::Secret",
      "UpdateReplacePolicy": "Delete",
    },
    "NewswiresDBWiresfeedsSecretAttachment1A15A195": {
      "Properties": {
        "SecretId": {
          "Ref": "NewswiresDBWiresfeedsSecret62DA3DFC",
        },
        "TargetId": {
          "Ref": "NewswiresDBWiresfeedsD8F9D0F3",
        },
        "TargetType": "AWS::RDS::DBInstance",
      },
      "Type": "AWS::SecretsManager::SecretTargetAttachment",
    },
    "NewswiresDBWiresfeedsSubnetGroupA86B440B": {
      "Properties": {
        "DBSubnetGroupDescription": "Subnet group for NewswiresDBWiresfeeds database",
        "SubnetIds": {
          "Ref": "wiresfeedsPrivateSubnets",
        },
        "Tags": [
          {
            "Key": "App",
            "Value": "wires-feeds",
          },
          {
            "Key": "gu:cdk:version",
            "Value": "TEST",
          },
          {
            "Key": "gu:repo",
            "Value": "guardian/newswires",
          },
          {
            "Key": "Stack",
            "Value": "editorial-feeds",
          },
          {
            "Key": "Stage",
            "Value": "TEST",
          },
        ],
      },
      "Type": "AWS::RDS::DBSubnetGroup",
    },
    "NewswiresDBWiresfeedsUsernameParam7D1BD4D1": {
      "Properties": {
        "DataType": "text",
        "Name": "/TEST/editorial-feeds/wires-feeds/database/username",
        "Tags": {
          "App": "wires-feeds",
          "Stack": "editorial-feeds",
          "Stage": "TEST",
          "gu:cdk:version": "TEST",
          "gu:repo": "guardian/newswires",
        },
        "Tier": "Standard",
        "Type": "String",
        "Value": "postgres",
      },
      "Type": "AWS::SSM::Parameter",
    },
    "PandaAuthPolicy4E029301": {
      "Properties": {
        "PolicyDocument": {
          "Statement": [
            {
              "Action": "s3:GetObject",
              "Effect": "Allow",
              "Resource": {
                "Fn::Join": [
                  "",
                  [
                    "arn:aws:s3:::",
                    {
                      "Ref": "PanDomainSettingsBucket",
                    },
                    "/*",
                  ],
                ],
              },
            },
          ],
          "Version": "2012-10-17",
        },
        "PolicyName": "PandaAuthPolicy4E029301",
        "Roles": [
          {
            "Ref": "InstanceRoleWiresfeeds49C69F29",
          },
        ],
      },
      "Type": "AWS::IAM::Policy",
    },
    "ParameterStoreReadWiresfeeds41D4D836": {
      "Properties": {
        "PolicyDocument": {
          "Statement": [
            {
              "Action": "ssm:GetParametersByPath",
              "Effect": "Allow",
              "Resource": {
                "Fn::Join": [
                  "",
                  [
                    "arn:aws:ssm:",
                    {
                      "Ref": "AWS::Region",
                    },
                    ":",
                    {
                      "Ref": "AWS::AccountId",
                    },
                    ":parameter/TEST/editorial-feeds/wires-feeds",
                  ],
                ],
              },
            },
            {
              "Action": [
                "ssm:GetParameters",
                "ssm:GetParameter",
              ],
              "Effect": "Allow",
              "Resource": {
                "Fn::Join": [
                  "",
                  [
                    "arn:aws:ssm:",
                    {
                      "Ref": "AWS::Region",
                    },
                    ":",
                    {
                      "Ref": "AWS::AccountId",
                    },
                    ":parameter/TEST/editorial-feeds/wires-feeds/*",
                  ],
                ],
              },
            },
          ],
          "Version": "2012-10-17",
        },
        "PolicyName": "parameter-store-read-policy",
        "Roles": [
          {
            "Ref": "InstanceRoleWiresfeeds49C69F29",
          },
        ],
      },
      "Type": "AWS::IAM::Policy",
    },
    "SsmSshPolicy4CFC977E": {
      "Properties": {
        "PolicyDocument": {
          "Statement": [
            {
              "Action": [
                "ec2messages:AcknowledgeMessage",
                "ec2messages:DeleteMessage",
                "ec2messages:FailMessage",
                "ec2messages:GetEndpoint",
                "ec2messages:GetMessages",
                "ec2messages:SendReply",
                "ssm:UpdateInstanceInformation",
                "ssm:ListInstanceAssociations",
                "ssm:DescribeInstanceProperties",
                "ssm:DescribeDocumentParameters",
                "ssmmessages:CreateControlChannel",
                "ssmmessages:CreateDataChannel",
                "ssmmessages:OpenControlChannel",
                "ssmmessages:OpenDataChannel",
              ],
              "Effect": "Allow",
              "Resource": "*",
            },
          ],
          "Version": "2012-10-17",
        },
        "PolicyName": "ssm-ssh-policy",
        "Roles": [
          {
            "Ref": "InstanceRoleWiresfeeds49C69F29",
          },
        ],
      },
      "Type": "AWS::IAM::Policy",
    },
    "TargetGroupWiresfeeds8F753C82": {
      "Properties": {
        "HealthCheckIntervalSeconds": 10,
        "HealthCheckPath": "/healthcheck",
        "HealthCheckProtocol": "HTTP",
        "HealthCheckTimeoutSeconds": 5,
        "HealthyThresholdCount": 5,
        "Port": 9000,
        "Protocol": "HTTP",
        "Tags": [
          {
            "Key": "App",
            "Value": "wires-feeds",
          },
          {
            "Key": "gu:cdk:version",
            "Value": "TEST",
          },
          {
            "Key": "gu:repo",
            "Value": "guardian/newswires",
          },
          {
            "Key": "Stack",
            "Value": "editorial-feeds",
          },
          {
            "Key": "Stage",
            "Value": "TEST",
          },
        ],
        "TargetGroupAttributes": [
          {
            "Key": "deregistration_delay.timeout_seconds",
            "Value": "30",
          },
          {
            "Key": "stickiness.enabled",
            "Value": "false",
          },
        ],
        "TargetType": "instance",
        "UnhealthyThresholdCount": 2,
        "VpcId": {
          "Ref": "VpcId",
        },
      },
      "Type": "AWS::ElasticLoadBalancingV2::TargetGroup",
    },
    "UnhealthyInstancesAlarmWiresfeeds726909D0": {
      "Properties": {
        "ActionsEnabled": true,
        "AlarmActions": [
          {
            "Fn::Join": [
              "",
              [
                "arn:aws:sns:",
                {
                  "Ref": "AWS::Region",
                },
                ":",
                {
                  "Ref": "AWS::AccountId",
                },
                ":",
                {
                  "Fn::GetAtt": [
                    "wiresfeedsemailalarmtopic4CC124DD",
                    "TopicName",
                  ],
                },
              ],
            ],
          },
        ],
        "AlarmDescription": "wires-feeds's instances have failed healthchecks several times over the last 1 hour.
      This typically results in the AutoScaling Group cycling instances and can lead to problems with deployment,
      scaling or handling traffic spikes.

      Check wires-feeds's application logs or ssh onto an unhealthy instance in order to debug these problems.",
        "AlarmName": "Unhealthy instances for wires-feeds in TEST",
        "ComparisonOperator": "GreaterThanOrEqualToThreshold",
        "DatapointsToAlarm": 30,
        "Dimensions": [
          {
            "Name": "LoadBalancer",
            "Value": {
              "Fn::Join": [
                "",
                [
                  {
                    "Fn::Select": [
                      1,
                      {
                        "Fn::Split": [
                          "/",
                          {
                            "Ref": "ListenerWiresfeeds5D272708",
                          },
                        ],
                      },
                    ],
                  },
                  "/",
                  {
                    "Fn::Select": [
                      2,
                      {
                        "Fn::Split": [
                          "/",
                          {
                            "Ref": "ListenerWiresfeeds5D272708",
                          },
                        ],
                      },
                    ],
                  },
                  "/",
                  {
                    "Fn::Select": [
                      3,
                      {
                        "Fn::Split": [
                          "/",
                          {
                            "Ref": "ListenerWiresfeeds5D272708",
                          },
                        ],
                      },
                    ],
                  },
                ],
              ],
            },
          },
          {
            "Name": "TargetGroup",
            "Value": {
              "Fn::GetAtt": [
                "TargetGroupWiresfeeds8F753C82",
                "TargetGroupFullName",
              ],
            },
          },
        ],
        "EvaluationPeriods": 60,
        "MetricName": "UnHealthyHostCount",
        "Namespace": "AWS/ApplicationELB",
        "Period": 60,
        "Statistic": "Maximum",
        "Tags": [
          {
            "Key": "App",
            "Value": "wires-feeds",
          },
          {
            "Key": "gu:cdk:version",
            "Value": "TEST",
          },
          {
            "Key": "gu:repo",
            "Value": "guardian/newswires",
          },
          {
            "Key": "Stack",
            "Value": "editorial-feeds",
          },
          {
            "Key": "Stage",
            "Value": "TEST",
          },
        ],
        "Threshold": 1,
        "TreatMissingData": "notBreaching",
      },
      "Type": "AWS::CloudWatch::Alarm",
    },
    "WazuhSecurityGroup": {
      "Properties": {
        "GroupDescription": "Allow outbound traffic from wazuh agent to manager",
        "SecurityGroupEgress": [
          {
            "CidrIp": "0.0.0.0/0",
            "Description": "Wazuh event logging",
            "FromPort": 1514,
            "IpProtocol": "tcp",
            "ToPort": 1514,
          },
          {
            "CidrIp": "0.0.0.0/0",
            "Description": "Wazuh agent registration",
            "FromPort": 1515,
            "IpProtocol": "tcp",
            "ToPort": 1515,
          },
        ],
        "Tags": [
          {
            "Key": "App",
            "Value": "wires-feeds",
          },
          {
            "Key": "gu:cdk:version",
            "Value": "TEST",
          },
          {
            "Key": "gu:repo",
            "Value": "guardian/newswires",
          },
          {
            "Key": "Stack",
            "Value": "editorial-feeds",
          },
          {
            "Key": "Stage",
            "Value": "TEST",
          },
        ],
        "VpcId": {
          "Ref": "VpcId",
        },
      },
      "Type": "AWS::EC2::SecurityGroup",
    },
    "WazuhSecurityGroupfromWiresFeedsLoadBalancerWiresfeedsSecurityGroupC137B44F900073D9A426": {
      "Properties": {
        "Description": "Load balancer to target",
        "FromPort": 9000,
        "GroupId": {
          "Fn::GetAtt": [
            "WazuhSecurityGroup",
            "GroupId",
          ],
        },
        "IpProtocol": "tcp",
        "SourceSecurityGroupId": {
          "Fn::GetAtt": [
            "LoadBalancerWiresfeedsSecurityGroup512E18E9",
            "GroupId",
          ],
        },
        "ToPort": 9000,
      },
      "Type": "AWS::EC2::SecurityGroupIngress",
    },
    "editorialfeedsTESTwiresfeeds1CE67234": {
      "DependsOn": [
        "InstanceRoleWiresfeedsDefaultPolicy692AB1AE",
        "InstanceRoleWiresfeeds49C69F29",
      ],
      "Properties": {
        "LaunchTemplateData": {
          "IamInstanceProfile": {
            "Arn": {
              "Fn::GetAtt": [
                "editorialfeedsTESTwiresfeedsProfile3592F4D2",
                "Arn",
              ],
            },
          },
          "ImageId": {
            "Ref": "AMIWiresfeeds",
          },
          "InstanceType": "t4g.small",
          "MetadataOptions": {
            "HttpTokens": "required",
            "InstanceMetadataTags": "enabled",
          },
          "SecurityGroupIds": [
            {
              "Fn::GetAtt": [
                "GuHttpsEgressSecurityGroupWiresfeeds3BB80BCD",
                "GroupId",
              ],
            },
            {
              "Fn::GetAtt": [
                "WazuhSecurityGroup",
                "GroupId",
              ],
            },
          ],
          "TagSpecifications": [
            {
              "ResourceType": "instance",
              "Tags": [
                {
                  "Key": "App",
                  "Value": "wires-feeds",
                },
                {
                  "Key": "gu:cdk:version",
                  "Value": "TEST",
                },
                {
                  "Key": "gu:repo",
                  "Value": "guardian/newswires",
                },
                {
                  "Key": "Name",
                  "Value": "WiresFeeds/editorial-feeds-TEST-wires-feeds",
                },
                {
                  "Key": "Stack",
                  "Value": "editorial-feeds",
                },
                {
                  "Key": "Stage",
                  "Value": "TEST",
                },
              ],
            },
            {
              "ResourceType": "volume",
              "Tags": [
                {
                  "Key": "App",
                  "Value": "wires-feeds",
                },
                {
                  "Key": "gu:cdk:version",
                  "Value": "TEST",
                },
                {
                  "Key": "gu:repo",
                  "Value": "guardian/newswires",
                },
                {
                  "Key": "Name",
                  "Value": "WiresFeeds/editorial-feeds-TEST-wires-feeds",
                },
                {
                  "Key": "Stack",
                  "Value": "editorial-feeds",
                },
                {
                  "Key": "Stage",
                  "Value": "TEST",
                },
              ],
            },
          ],
          "UserData": {
            "Fn::Base64": {
              "Fn::Join": [
                "",
                [
                  "#!/bin/bash
mkdir -p $(dirname '/wires-feeds/newswires.deb')
aws s3 cp 's3://",
                  {
                    "Ref": "DistributionBucketName",
                  },
                  "/editorial-feeds/TEST/wires-feeds/newswires.deb' '/wires-feeds/newswires.deb'
dpkg -i /newswires/newswires.deb",
                ],
              ],
            },
          },
        },
        "TagSpecifications": [
          {
            "ResourceType": "launch-template",
            "Tags": [
              {
                "Key": "App",
                "Value": "wires-feeds",
              },
              {
                "Key": "gu:cdk:version",
                "Value": "TEST",
              },
              {
                "Key": "gu:repo",
                "Value": "guardian/newswires",
              },
              {
                "Key": "Name",
                "Value": "WiresFeeds/editorial-feeds-TEST-wires-feeds",
              },
              {
                "Key": "Stack",
                "Value": "editorial-feeds",
              },
              {
                "Key": "Stage",
                "Value": "TEST",
              },
            ],
          },
        ],
      },
      "Type": "AWS::EC2::LaunchTemplate",
    },
    "editorialfeedsTESTwiresfeedsProfile3592F4D2": {
      "Properties": {
        "Roles": [
          {
            "Ref": "InstanceRoleWiresfeeds49C69F29",
          },
        ],
      },
      "Type": "AWS::IAM::InstanceProfile",
    },
    "feedsbucketTESTWiresfeeds5E0415F0": {
      "DeletionPolicy": "Retain",
      "Properties": {
        "PublicAccessBlockConfiguration": {
          "BlockPublicAcls": true,
          "BlockPublicPolicy": true,
          "IgnorePublicAcls": true,
          "RestrictPublicBuckets": true,
        },
        "Tags": [
          {
            "Key": "App",
            "Value": "wires-feeds",
          },
          {
            "Key": "gu:cdk:version",
            "Value": "TEST",
          },
          {
            "Key": "gu:repo",
            "Value": "guardian/newswires",
          },
          {
            "Key": "Stack",
            "Value": "editorial-feeds",
          },
          {
            "Key": "Stage",
            "Value": "TEST",
          },
        ],
        "VersioningConfiguration": {
          "Status": "Enabled",
        },
      },
      "Type": "AWS::S3::Bucket",
      "UpdateReplacePolicy": "Retain",
    },
    "fingerpostqueueDeadLetterQueueTESTC46C734A": {
      "DeletionPolicy": "Delete",
      "Properties": {
        "Tags": [
          {
            "Key": "App",
            "Value": "wires-feeds",
          },
          {
            "Key": "gu:cdk:version",
            "Value": "TEST",
          },
          {
            "Key": "gu:repo",
            "Value": "guardian/newswires",
          },
          {
            "Key": "Stack",
            "Value": "editorial-feeds",
          },
          {
            "Key": "Stage",
            "Value": "TEST",
          },
        ],
        "VisibilityTimeout": 300,
      },
      "Type": "AWS::SQS::Queue",
      "UpdateReplacePolicy": "Delete",
    },
    "fingerpostqueueF09A4E0A": {
      "DeletionPolicy": "Delete",
      "Properties": {
        "MessageRetentionPeriod": 1209600,
        "RedrivePolicy": {
          "deadLetterTargetArn": {
            "Fn::GetAtt": [
              "fingerpostqueueDeadLetterQueueTESTC46C734A",
              "Arn",
            ],
          },
          "maxReceiveCount": 3,
        },
        "Tags": [
          {
            "Key": "App",
            "Value": "wires-feeds",
          },
          {
            "Key": "gu:cdk:version",
            "Value": "TEST",
          },
          {
            "Key": "gu:repo",
            "Value": "guardian/newswires",
          },
          {
            "Key": "Stack",
            "Value": "editorial-feeds",
          },
          {
            "Key": "Stage",
            "Value": "TEST",
          },
        ],
        "VisibilityTimeout": 300,
      },
      "Type": "AWS::SQS::Queue",
      "UpdateReplacePolicy": "Delete",
    },
    "fingerpostqueuePolicy8A8FE8AE": {
      "Properties": {
        "PolicyDocument": {
          "Statement": [
            {
              "Action": "sqs:*",
              "Condition": {
                "Bool": {
                  "aws:SecureTransport": "false",
                },
              },
              "Effect": "Deny",
              "Principal": {
                "AWS": "*",
              },
              "Resource": {
                "Fn::GetAtt": [
                  "fingerpostqueueF09A4E0A",
                  "Arn",
                ],
              },
            },
            {
              "Action": "sqs:SendMessage",
              "Condition": {
                "ArnEquals": {
                  "aws:SourceArn": {
                    "Ref": "fingerposttopic0A8134FC",
                  },
                },
              },
              "Effect": "Allow",
              "Principal": {
                "Service": "sns.amazonaws.com",
              },
              "Resource": {
                "Fn::GetAtt": [
                  "fingerpostqueueF09A4E0A",
                  "Arn",
                ],
              },
            },
          ],
          "Version": "2012-10-17",
        },
        "Queues": [
          {
            "Ref": "fingerpostqueueF09A4E0A",
          },
        ],
      },
      "Type": "AWS::SQS::QueuePolicy",
    },
    "fingerpostqueueWiresFeedsfingerposttopic09B5AE1CD1B1A0A5": {
      "DependsOn": [
        "fingerpostqueuePolicy8A8FE8AE",
      ],
      "Properties": {
        "Endpoint": {
          "Fn::GetAtt": [
            "fingerpostqueueF09A4E0A",
            "Arn",
          ],
        },
        "Protocol": "sqs",
        "RawMessageDelivery": true,
        "TopicArn": {
          "Ref": "fingerposttopic0A8134FC",
        },
      },
      "Type": "AWS::SNS::Subscription",
    },
    "fingerposttopic0A8134FC": {
      "Properties": {
        "Tags": [
          {
            "Key": "App",
            "Value": "wires-feeds",
          },
          {
            "Key": "gu:cdk:version",
            "Value": "TEST",
          },
          {
            "Key": "gu:repo",
            "Value": "guardian/newswires",
          },
          {
            "Key": "Stack",
            "Value": "editorial-feeds",
          },
          {
            "Key": "Stage",
            "Value": "TEST",
          },
        ],
      },
      "Type": "AWS::SNS::Topic",
    },
    "fingerposttopicPolicy93AB9BE9": {
      "Properties": {
        "PolicyDocument": {
          "Statement": [
            {
              "Action": "sns:Publish",
              "Effect": "Allow",
              "Principal": {
                "AWS": {
                  "Ref": "fingerpostpublishinguserarn",
                },
              },
              "Resource": {
                "Ref": "fingerposttopic0A8134FC",
              },
              "Sid": "0",
            },
            {
              "Action": "sns:Publish",
              "Condition": {
                "Bool": {
                  "aws:SecureTransport": "false",
                },
              },
              "Effect": "Deny",
              "Principal": "*",
              "Resource": {
                "Ref": "fingerposttopic0A8134FC",
              },
              "Sid": "AllowPublishThroughSSLOnly",
            },
          ],
          "Version": "2012-10-17",
        },
        "Topics": [
          {
            "Ref": "fingerposttopic0A8134FC",
          },
        ],
      },
      "Type": "AWS::SNS::TopicPolicy",
    },
    "sourcequeue87B8A558": {
      "DeletionPolicy": "Delete",
      "Properties": {
        "MessageRetentionPeriod": 1209600,
        "RedrivePolicy": {
          "deadLetterTargetArn": {
            "Fn::GetAtt": [
              "sourcequeueDeadLetterQueueTEST4E4374EA",
              "Arn",
            ],
          },
          "maxReceiveCount": 3,
        },
        "Tags": [
          {
            "Key": "App",
            "Value": "wires-feeds",
          },
          {
            "Key": "gu:cdk:version",
            "Value": "TEST",
          },
          {
            "Key": "gu:repo",
            "Value": "guardian/newswires",
          },
          {
            "Key": "Stack",
            "Value": "editorial-feeds",
          },
          {
            "Key": "Stage",
            "Value": "TEST",
          },
        ],
        "VisibilityTimeout": 300,
      },
      "Type": "AWS::SQS::Queue",
      "UpdateReplacePolicy": "Delete",
    },
    "sourcequeueDeadLetterQueueTEST4E4374EA": {
      "DeletionPolicy": "Delete",
      "Properties": {
        "Tags": [
          {
            "Key": "App",
            "Value": "wires-feeds",
          },
          {
            "Key": "gu:cdk:version",
            "Value": "TEST",
          },
          {
            "Key": "gu:repo",
            "Value": "guardian/newswires",
          },
          {
            "Key": "Stack",
            "Value": "editorial-feeds",
          },
          {
            "Key": "Stage",
            "Value": "TEST",
          },
        ],
        "VisibilityTimeout": 300,
      },
      "Type": "AWS::SQS::Queue",
      "UpdateReplacePolicy": "Delete",
    },
    "sourcequeuePolicyD21DF4F1": {
      "Properties": {
        "PolicyDocument": {
          "Statement": [
            {
              "Action": "sqs:*",
              "Condition": {
                "Bool": {
                  "aws:SecureTransport": "false",
                },
              },
              "Effect": "Deny",
              "Principal": {
                "AWS": "*",
              },
              "Resource": {
                "Fn::GetAtt": [
                  "sourcequeue87B8A558",
                  "Arn",
                ],
              },
            },
            {
              "Action": "sqs:SendMessage",
              "Condition": {
                "ArnEquals": {
                  "aws:SourceArn": {
                    "Ref": "sourcetopic7C3DC892",
                  },
                },
              },
              "Effect": "Allow",
              "Principal": {
                "Service": "sns.amazonaws.com",
              },
              "Resource": {
                "Fn::GetAtt": [
                  "sourcequeue87B8A558",
                  "Arn",
                ],
              },
            },
          ],
          "Version": "2012-10-17",
        },
        "Queues": [
          {
            "Ref": "sourcequeue87B8A558",
          },
        ],
      },
      "Type": "AWS::SQS::QueuePolicy",
    },
    "sourcequeueWiresFeedssourcetopic2270C481B5A95A06": {
      "DependsOn": [
        "sourcequeuePolicyD21DF4F1",
      ],
      "Properties": {
        "Endpoint": {
          "Fn::GetAtt": [
            "sourcequeue87B8A558",
            "Arn",
          ],
        },
        "Protocol": "sqs",
        "RawMessageDelivery": true,
        "TopicArn": {
          "Ref": "sourcetopic7C3DC892",
        },
      },
      "Type": "AWS::SNS::Subscription",
    },
    "sourcetopic7C3DC892": {
      "Properties": {
        "Tags": [
          {
            "Key": "App",
            "Value": "wires-feeds",
          },
          {
            "Key": "gu:cdk:version",
            "Value": "TEST",
          },
          {
            "Key": "gu:repo",
            "Value": "guardian/newswires",
          },
          {
            "Key": "Stack",
            "Value": "editorial-feeds",
          },
          {
            "Key": "Stage",
            "Value": "TEST",
          },
        ],
      },
      "Type": "AWS::SNS::Topic",
    },
    "sourcetopicPolicy693F1C42": {
      "Properties": {
        "PolicyDocument": {
          "Statement": [
            {
              "Action": "sns:Publish",
              "Effect": "Allow",
              "Principal": {
                "AWS": {
                  "Ref": "fingerpostpublishinguserarn",
                },
              },
              "Resource": {
                "Ref": "sourcetopic7C3DC892",
              },
              "Sid": "0",
            },
            {
              "Action": "sns:Publish",
              "Condition": {
                "Bool": {
                  "aws:SecureTransport": "false",
                },
              },
              "Effect": "Deny",
              "Principal": "*",
              "Resource": {
                "Ref": "sourcetopic7C3DC892",
              },
              "Sid": "AllowPublishThroughSSLOnly",
            },
          ],
          "Version": "2012-10-17",
        },
        "Topics": [
          {
            "Ref": "sourcetopic7C3DC892",
          },
        ],
      },
      "Type": "AWS::SNS::TopicPolicy",
    },
    "wiresfeedsemailalarmtopic4CC124DD": {
      "Properties": {
        "Tags": [
          {
            "Key": "App",
            "Value": "wires-feeds",
          },
          {
            "Key": "gu:cdk:version",
            "Value": "TEST",
          },
          {
            "Key": "gu:repo",
            "Value": "guardian/newswires",
          },
          {
            "Key": "Stack",
            "Value": "editorial-feeds",
          },
          {
            "Key": "Stage",
            "Value": "TEST",
          },
        ],
      },
      "Type": "AWS::SNS::Topic",
    },
  },
}
`;
